Component: Arm Compiler for Embedded 6.24 Tool: armlink [5f371500]

==============================================================================

Section Cross References

    startup_stm32f10x_md.o(STACK) refers (Special) to heapauxi.o(.text) for __use_two_region_memory
    startup_stm32f10x_md.o(HEAP) refers (Special) to heapauxi.o(.text) for __use_two_region_memory
    startup_stm32f10x_md.o(RESET) refers (Special) to heapauxi.o(.text) for __use_two_region_memory
    startup_stm32f10x_md.o(RESET) refers to startup_stm32f10x_md.o(STACK) for __initial_sp
    startup_stm32f10x_md.o(RESET) refers to startup_stm32f10x_md.o(.text) for Reset_Handler
    startup_stm32f10x_md.o(RESET) refers to stm32f10x_it.o(.text.NMI_Handler) for NMI_Handler
    startup_stm32f10x_md.o(RESET) refers to stm32f10x_it.o(.text.HardFault_Handler) for HardFault_Handler
    startup_stm32f10x_md.o(RESET) refers to stm32f10x_it.o(.text.MemManage_Handler) for MemManage_Handler
    startup_stm32f10x_md.o(RESET) refers to stm32f10x_it.o(.text.BusFault_Handler) for BusFault_Handler
    startup_stm32f10x_md.o(RESET) refers to stm32f10x_it.o(.text.UsageFault_Handler) for UsageFault_Handler
    startup_stm32f10x_md.o(RESET) refers to stm32f10x_it.o(.text.SVC_Handler) for SVC_Handler
    startup_stm32f10x_md.o(RESET) refers to stm32f10x_it.o(.text.DebugMon_Handler) for DebugMon_Handler
    startup_stm32f10x_md.o(RESET) refers to stm32f10x_it.o(.text.PendSV_Handler) for PendSV_Handler
    startup_stm32f10x_md.o(RESET) refers to stm32f10x_it.o(.text.SysTick_Handler) for SysTick_Handler
    startup_stm32f10x_md.o(RESET) refers to stm32f10x_it.o(.text.RTC_IRQHandler) for RTC_IRQHandler
    startup_stm32f10x_md.o(RESET) refers to timer.o(.text.TIM3_IRQHandler) for TIM3_IRQHandler
    startup_stm32f10x_md.o(RESET) refers to as608.o(.text.USART1_IRQHandler) for USART1_IRQHandler
    startup_stm32f10x_md.o(RESET) refers to bluetooth.o(.text.USART2_IRQHandler) for USART2_IRQHandler
    startup_stm32f10x_md.o(RESET) refers to jq8900.o(.text.USART3_IRQHandler) for USART3_IRQHandler
    startup_stm32f10x_md.o(RESET) refers to stm32f10x_it.o(.text.RTCAlarm_IRQHandler) for RTCAlarm_IRQHandler
    startup_stm32f10x_md.o(.text) refers (Special) to heapauxi.o(.text) for __use_two_region_memory
    startup_stm32f10x_md.o(.text) refers to system_stm32f10x.o(.text.SystemInit) for SystemInit
    startup_stm32f10x_md.o(.text) refers to __main.o(!!!main) for __main
    startup_stm32f10x_md.o(.text) refers to startup_stm32f10x_md.o(HEAP) for Heap_Mem
    startup_stm32f10x_md.o(.text) refers to startup_stm32f10x_md.o(STACK) for Stack_Mem
    system_stm32f10x.o(.ARM.exidx.text.SystemInit) refers to system_stm32f10x.o(.text.SystemInit) for [Anonymous Symbol]
    system_stm32f10x.o(.text.SystemCoreClockUpdate) refers to system_stm32f10x.o(.data.SystemCoreClock) for SystemCoreClock
    system_stm32f10x.o(.text.SystemCoreClockUpdate) refers to system_stm32f10x.o(.rodata.AHBPrescTable) for AHBPrescTable
    system_stm32f10x.o(.ARM.exidx.text.SystemCoreClockUpdate) refers to system_stm32f10x.o(.text.SystemCoreClockUpdate) for [Anonymous Symbol]
    misc.o(.ARM.exidx.text.NVIC_PriorityGroupConfig) refers to misc.o(.text.NVIC_PriorityGroupConfig) for [Anonymous Symbol]
    misc.o(.ARM.exidx.text.NVIC_Init) refers to misc.o(.text.NVIC_Init) for [Anonymous Symbol]
    misc.o(.ARM.exidx.text.NVIC_SetVectorTable) refers to misc.o(.text.NVIC_SetVectorTable) for [Anonymous Symbol]
    misc.o(.ARM.exidx.text.NVIC_SystemLPConfig) refers to misc.o(.text.NVIC_SystemLPConfig) for [Anonymous Symbol]
    misc.o(.ARM.exidx.text.SysTick_CLKSourceConfig) refers to misc.o(.text.SysTick_CLKSourceConfig) for [Anonymous Symbol]
    stm32f10x_adc.o(.text.ADC_DeInit) refers to stm32f10x_rcc.o(.text.RCC_APB2PeriphResetCmd) for RCC_APB2PeriphResetCmd
    stm32f10x_adc.o(.ARM.exidx.text.ADC_DeInit) refers to stm32f10x_adc.o(.text.ADC_DeInit) for [Anonymous Symbol]
    stm32f10x_adc.o(.ARM.exidx.text.ADC_Init) refers to stm32f10x_adc.o(.text.ADC_Init) for [Anonymous Symbol]
    stm32f10x_adc.o(.ARM.exidx.text.ADC_StructInit) refers to stm32f10x_adc.o(.text.ADC_StructInit) for [Anonymous Symbol]
    stm32f10x_adc.o(.ARM.exidx.text.ADC_Cmd) refers to stm32f10x_adc.o(.text.ADC_Cmd) for [Anonymous Symbol]
    stm32f10x_adc.o(.ARM.exidx.text.ADC_DMACmd) refers to stm32f10x_adc.o(.text.ADC_DMACmd) for [Anonymous Symbol]
    stm32f10x_adc.o(.ARM.exidx.text.ADC_ITConfig) refers to stm32f10x_adc.o(.text.ADC_ITConfig) for [Anonymous Symbol]
    stm32f10x_adc.o(.ARM.exidx.text.ADC_ResetCalibration) refers to stm32f10x_adc.o(.text.ADC_ResetCalibration) for [Anonymous Symbol]
    stm32f10x_adc.o(.ARM.exidx.text.ADC_GetResetCalibrationStatus) refers to stm32f10x_adc.o(.text.ADC_GetResetCalibrationStatus) for [Anonymous Symbol]
    stm32f10x_adc.o(.ARM.exidx.text.ADC_StartCalibration) refers to stm32f10x_adc.o(.text.ADC_StartCalibration) for [Anonymous Symbol]
[...]
    __scatterload                            0x080000f5   Thumb Code     0  __scatter.o(!!!scatter)
    __scatterload_rt2                        0x080000f5   Thumb Code    84  __scatter.o(!!!scatter)
    __scatterload_rt2_thumb_only             0x080000f5   Thumb Code     0  __scatter.o(!!!scatter)
    __scatterload_loop                       0x080000ff   Thumb Code     0  __scatter.o(!!!scatter)
    __scatterload_copy                       0x08000151   Thumb Code    26  __scatter_copy.o(!!handler_copy)
    __scatterload_null                       0x0800016d   Thumb Code     2  __scatter.o(!!handler_null)
    __scatterload_zeroinit                   0x08000171   Thumb Code    28  __scatter_zi.o(!!handler_zi)
    _printf_percent                          0x0800018d   Thumb Code     0  _printf_percent.o(.ARM.Collect$$_printf_percent$$00000000)
    _printf_u                                0x0800018d   Thumb Code     0  _printf_u.o(.ARM.Collect$$_printf_percent$$0000000A)
    _printf_x                                0x08000193   Thumb Code     0  _printf_x.o(.ARM.Collect$$_printf_percent$$0000000C)
    _printf_s                                0x08000199   Thumb Code     0  _printf_s.o(.ARM.Collect$$_printf_percent$$00000014)
    _printf_percent_end                      0x0800019f   Thumb Code     0  _printf_percent_end.o(.ARM.Collect$$_printf_percent$$00000017)
    __rt_lib_init                            0x080001a3   Thumb Code     0  libinit.o(.ARM.Collect$$libinit$$00000000)
    __rt_lib_init_alloca_1                   0x080001a5   Thumb Code     0  libinit2.o(.ARM.Collect$$libinit$$00000030)
    __rt_lib_init_argv_1                     0x080001a5   Thumb Code     0  libinit2.o(.ARM.Collect$$libinit$$0000002E)
    __rt_lib_init_atexit_1                   0x080001a5   Thumb Code     0  libinit2.o(.ARM.Collect$$libinit$$0000001D)
    __rt_lib_init_clock_1                    0x080001a5   Thumb Code     0  libinit2.o(.ARM.Collect$$libinit$$00000023)
    __rt_lib_init_cpp_1                      0x080001a5   Thumb Code     0  libinit2.o(.ARM.Collect$$libinit$$00000034)
    __rt_lib_init_exceptions_1               0x080001a5   Thumb Code     0  libinit2.o(.ARM.Collect$$libinit$$00000032)
    __rt_lib_init_fp_1                       0x080001a5   Thumb Code     0  libinit2.o(.ARM.Collect$$libinit$$00000002)
    __rt_lib_init_fp_trap_1                  0x080001a5   Thumb Code     0  libinit2.o(.ARM.Collect$$libinit$$00000021)
    __rt_lib_init_getenv_1                   0x080001a5   Thumb Code     0  libinit2.o(.ARM.Collect$$libinit$$00000025)
    __rt_lib_init_heap_1                     0x080001a5   Thumb Code     0  libinit2.o(.ARM.Collect$$libinit$$0000000C)
    __rt_lib_init_lc_collate_1               0x080001a5   Thumb Code     0  libinit2.o(.ARM.Collect$$libinit$$00000013)
    __rt_lib_init_lc_ctype_1                 0x080001a5   Thumb Code     0  libinit2.o(.ARM.Collect$$libinit$$00000015)
    __rt_lib_init_lc_monetary_1              0x080001a5   Thumb Code     0  libinit2.o(.ARM.Collect$$libinit$$00000017)
    __rt_lib_init_lc_numeric_1               0x080001a5   Thumb Code     0  libinit2.o(.ARM.Collect$$libinit$$00000019)
    __rt_lib_init_lc_time_1                  0x080001a5   Thumb Code     0  libinit2.o(.ARM.Collect$$libinit$$0000001B)
    __rt_lib_init_preinit_1                  0x080001a5   Thumb Code     0  libinit2.o(.ARM.Collect$$libinit$$00000006)
    __rt_lib_init_rand_1                     0x080001a5   Thumb Code     0  libinit2.o(.ARM.Collect$$libinit$$00000010)
    __rt_lib_init_relocate_pie_1             0x080001a5   Thumb Code     0  libinit2.o(.ARM.Collect$$libinit$$00000004)
    __rt_lib_init_return                     0x080001a5   Thumb Code     0  libinit2.o(.ARM.Collect$$libinit$$00000035)
    __rt_lib_init_signal_1                   0x080001a5   Thumb Code     0  libinit2.o(.ARM.Collect$$libinit$$0000001F)
    __rt_lib_init_stdio_1                    0x080001a5   Thumb Code     0  libinit2.o(.ARM.Collect$$libinit$$00000027)
    __rt_lib_init_user_alloc_1               0x080001a5   Thumb Code     0  libinit2.o(.ARM.Collect$$libinit$$0000000E)
    __rt_lib_shutdown                        0x080001a7   Thumb Code     0  libshutdown.o(.ARM.Collect$$libshutdown$$00000000)
    __rt_lib_shutdown_cpp_1                  0x080001a9   Thumb Code     0  libshutdown2.o(.ARM.Collect$$libshutdown$$00000002)
    __rt_lib_shutdown_fp_trap_1              0x080001a9   Thumb Code     0  libshutdown2.o(.ARM.Collect$$libshutdown$$00000007)
    __rt_lib_shutdown_heap_1                 0x080001a9   Thumb Code     0  libshutdown2.o(.ARM.Collect$$libshutdown$$0000000F)
    __rt_lib_shutdown_return                 0x080001a9   Thumb Code     0  libshutdown2.o(.ARM.Collect$$libshutdown$$00000010)
    __rt_lib_shutdown_signal_1               0x080001a9   Thumb Code     0  libshutdown2.o(.ARM.Collect$$libshutdown$$0000000A)
    __rt_lib_shutdown_stdio_1                0x080001a9   Thumb Code     0  libshutdown2.o(.ARM.Collect$$libshutdown$$00000004)
    __rt_lib_shutdown_user_alloc_1           0x080001a9   Thumb Code     0  libshutdown2.o(.ARM.Collect$$libshutdown$$0000000C)
    __rt_entry                               0x080001ab   Thumb Code     0  __rtentry.o(.ARM.Collect$$rtentry$$00000000)
    __rt_entry_presh_1                       0x080001ab   Thumb Code     0  __rtentry2.o(.ARM.Collect$$rtentry$$00000002)
    __rt_entry_sh                            0x080001ab   Thumb Code     0  __rtentry4.o(.ARM.Collect$$rtentry$$00000004)
    __rt_entry_li                            0x080001b1   Thumb Code     0  __rtentry2.o(.ARM.Collect$$rtentry$$0000000A)
    __rt_entry_postsh_1                      0x080001b1   Thumb Code     0  __rtentry2.o(.ARM.Collect$$rtentry$$00000009)
    __rt_entry_main                          0x080001b5   Thumb Code     0  __rtentry2.o(.ARM.Collect$$rtentry$$0000000D)
    __rt_entry_postli_1                      0x080001b5   Thumb Code     0  __rtentry2.o(.ARM.Collect$$rtentry$$0000000C)
    __rt_exit                                0x080001bd   Thumb Code     0  rtexit.o(.ARM.Collect$$rtexit$$00000000)
    __rt_exit_ls                             0x080001bf   Thumb Code     0  rtexit2.o(.ARM.Collect$$rtexit$$00000003)
    __rt_exit_prels_1                        0x080001bf   Thumb Code     0  rtexit2.o(.ARM.Collect$$rtexit$$00000002)
    __rt_exit_exit                           0x080001c3   Thumb Code     0  rtexit2.o(.ARM.Collect$$rtexit$$00000004)
    Reset_Handler                            0x080001c9   Thumb Code     8  startup_stm32f10x_md.o(.text)
    ADC1_2_IRQHandler                        0x080001e3   Thumb Code     0  startup_stm32f10x_md.o(.text)
    CAN1_RX1_IRQHandler                      0x080001e3   Thumb Code     0  startup_stm32f10x_md.o(.text)
    CAN1_SCE_IRQHandler                      0x080001e3   Thumb Code     0  startup_stm32f10x_md.o(.text)
    DMA1_Channel1_IRQHandler                 0x080001e3   Thumb Code     0  startup_stm32f10x_md.o(.text)
    DMA1_Channel2_IRQHandler                 0x080001e3   Thumb Code     0  startup_stm32f10x_md.o(.text)
    DMA1_Channel3_IRQHandler                 0x080001e3   Thumb Code     0  startup_stm32f10x_md.o(.text)
    DMA1_Channel4_IRQHandler                 0x080001e3   Thumb Code     0  startup_stm32f10x_md.o(.text)
    DMA1_Channel5_IRQHandler                 0x080001e3   Thumb Code     0  startup_stm32f10x_md.o(.text)
    DMA1_Channel6_IRQHandler                 0x080001e3   Thumb Code     0  startup_stm32f10x_md.o(.text)
    DMA1_Channel7_IRQHandler                 0x080001e3   Thumb Code     0  startup_stm32f10x_md.o(.text)
    EXTI0_IRQHandler                         0x080001e3   Thumb Code     0  startup_stm32f10x_md.o(.text)
    EXTI15_10_IRQHandler                     0x080001e3   Thumb Code     0  startup_stm32f10x_md.o(.text)
    EXTI1_IRQHandler                         0x080001e3   Thumb Code     0  startup_stm32f10x_md.o(.text)
    EXTI2_IRQHandler                         0x080001e3   Thumb Code     0  startup_stm32f10x_md.o(.text)
    EXTI3_IRQHandler                         0x080001e3   Thumb Code     0  startup_stm32f10x_md.o(.text)
    EXTI4_IRQHandler                         0x080001e3   Thumb Code     0  startup_stm32f10x_md.o(.text)
    EXTI9_5_IRQHandler                       0x080001e3   Thumb Code     0  startup_stm32f10x_md.o(.text)
    FLASH_IRQHandler                         0x080001e3   Thumb Code     0  startup_stm32f10x_md.o(.text)
    I2C1_ER_IRQHandler                       0x080001e3   Thumb Code     0  startup_stm32f10x_md.o(.text)
    I2C1_EV_IRQHandler                       0x080001e3   Thumb Code     0  startup_stm32f10x_md.o(.text)
    I2C2_ER_IRQHandler                       0x080001e3   Thumb Code     0  startup_stm32f10x_md.o(.text)
    I2C2_EV_IRQHandler                       0x080001e3   Thumb Code     0  startup_stm32f10x_md.o(.text)
    PVD_IRQHandler                           0x080001e3   Thumb Code     0  startup_stm32f10x_md.o(.text)
    RCC_IRQHandler                           0x080001e3   Thumb Code     0  startup_stm32f10x_md.o(.text)
    SPI1_IRQHandler                          0x080001e3   Thumb Code     0  startup_stm32f10x_md.o(.text)
    SPI2_IRQHandler                          0x080001e3   Thumb Code     0  startup_stm32f10x_md.o(.text)
    TAMPER_IRQHandler                        0x080001e3   Thumb Code     0  startup_stm32f10x_md.o(.text)
    TIM1_BRK_IRQHandler                      0x080001e3   Thumb Code     0  startup_stm32f10x_md.o(.text)
    TIM1_CC_IRQHandler                       0x080001e3   Thumb Code     0  startup_stm32f10x_md.o(.text)
    TIM1_TRG_COM_IRQHandler                  0x080001e3   Thumb Code     0  startup_stm32f10x_md.o(.text)
    TIM1_UP_IRQHandler                       0x080001e3   Thumb Code     0  startup_stm32f10x_md.o(.text)
    TIM2_IRQHandler                          0x080001e3   Thumb Code     0  startup_stm32f10x_md.o(.text)
    TIM4_IRQHandler                          0x080001e3   Thumb Code     0  startup_stm32f10x_md.o(.text)
    USBWakeUp_IRQHandler                     0x080001e3   Thumb Code     0  startup_stm32f10x_md.o(.text)
    USB_HP_CAN1_TX_IRQHandler                0x080001e3   Thumb Code     0  startup_stm32f10x_md.o(.text)
    USB_LP_CAN1_RX0_IRQHandler               0x080001e3   Thumb Code     0  startup_stm32f10x_md.o(.text)
    WWDG_IRQHandler                          0x080001e3   Thumb Code     0  startup_stm32f10x_md.o(.text)
    __user_initial_stackheap                 0x080001e5   Thumb Code     0  startup_stm32f10x_md.o(.text)
    __2sprintf                               0x08000209   Thumb Code    34  noretval__2sprintf.o(.text)
    _printf_pre_padding                      0x08000231   Thumb Code    44  _printf_pad.o(.text)
    _printf_post_padding                     0x0800025d   Thumb Code    34  _printf_pad.o(.text)
    _printf_str                              0x0800027f   Thumb Code    82  _printf_str.o(.text)
    _printf_int_dec                          0x080002d1   Thumb Code   104  _printf_dec.o(.text)
    _printf_int_hex                          0x08000349   Thumb Code    84  _printf_hex_int.o(.text)
    _printf_longlong_hex                     0x08000349   Thumb Code     0  _printf_hex_int.o(.text)
    __printf                                 0x080003a1   Thumb Code   388  __printf_flags_ss_wp.o(.text)
    memcmp                                   0x08000529   Thumb Code    88  memcmp.o(.text)
    strlen                                   0x08000581   Thumb Code    62  strlen.o(.text)
    __aeabi_memcpy                           0x080005bf   Thumb Code     0  rt_memcpy_v6.o(.text)
    __rt_memcpy                              0x080005bf   Thumb Code   138  rt_memcpy_v6.o(.text)
    _memcpy_lastbytes                        0x08000625   Thumb Code     0  rt_memcpy_v6.o(.text)
    __aeabi_memcpy4                          0x08000649   Thumb Code     0  rt_memcpy_w.o(.text)
    __aeabi_memcpy8                          0x08000649   Thumb Code     0  rt_memcpy_w.o(.text)
    __rt_memcpy_w                            0x08000649   Thumb Code   100  rt_memcpy_w.o(.text)
    _memcpy_lastbytes_aligned                0x08000691   Thumb Code     0  rt_memcpy_w.o(.text)
    __aeabi_memclr                           0x080006ad   Thumb Code     0  rt_memclr.o(.text)
    __rt_memclr                              0x080006ad   Thumb Code     0  rt_memclr.o(.text)
    _memset                                  0x080006b1   Thumb Code    64  rt_memclr.o(.text)
    __aeabi_memclr4                          0x080006f1   Thumb Code     0  rt_memclr_w.o(.text)
    __aeabi_memclr8                          0x080006f1   Thumb Code     0  rt_memclr_w.o(.text)
    __rt_memclr_w                            0x080006f1   Thumb Code     0  rt_memclr_w.o(.text)
    _memset_w                                0x080006f5   Thumb Code    74  rt_memclr_w.o(.text)
    strncpy                                  0x0800073f   Thumb Code    86  strncpy.o(.text)
    __use_two_region_memory                  0x08000795   Thumb Code     2  heapauxi.o(.text)
    __rt_heap_escrow$2region                 0x08000797   Thumb Code     2  heapauxi.o(.text)
    __rt_heap_expand$2region                 0x08000799   Thumb Code     2  heapauxi.o(.text)
    _printf_int_common                       0x0800079b   Thumb Code   178  _printf_intcommon.o(.text)
    _printf_char_common                      0x08000857   Thumb Code    32  _printf_char_common.o(.text)
    _sputc                                   0x0800087d   Thumb Code    10  _sputc.o(.text)
    _printf_cs_common                        0x08000887   Thumb Code    20  _printf_char.o(.text)
    _printf_char                             0x0800089b   Thumb Code    16  _printf_char.o(.text)
    _printf_string                           0x080008ab   Thumb Code     8  _printf_char.o(.text)
    __user_setup_stackheap                   0x080008b3   Thumb Code    74  sys_stackheap_outer.o(.text)
    exit                                     0x080008fd   Thumb Code    18  exit.o(.text)
    __user_libspace                          0x08000911   Thumb Code     8  libspace.o(.text)
    __user_perproc_libspace                  0x08000911   Thumb Code     0  libspace.o(.text)
    __user_perthread_libspace                0x08000911   Thumb Code     0  libspace.o(.text)
    _sys_exit                                0x08000919   Thumb Code     8  sys_exit.o(.text)
    __I$use$semihosting                      0x08000925   Thumb Code     0  use_no_semi.o(.text)
    __use_no_semihosting_swi                 0x08000925   Thumb Code     2  use_no_semi.o(.text)
    __semihosting_library_function           0x08000927   Thumb Code     0  indicate_semi.o(.text)
    AS608_DeleteModel                        0x08000cfd   Thumb Code    72  as608.o(.text.AS608_DeleteModel)
    AS608_GetImage                           0x08000d45   Thumb Code    52  as608.o(.text.AS608_GetImage)
    AS608_Handshake                          0x08000d79   Thumb Code    76  as608.o(.text.AS608_Handshake)
    AS608_Image2Tz                           0x08000dc5   Thumb Code    76  as608.o(.text.AS608_Image2Tz)
    AS608_Init                               0x08000e11   Thumb Code   194  as608.o(.text.AS608_Init)
    AS608_ReadSysPara                        0x08000ed5   Thumb Code   134  as608.o(.text.AS608_ReadSysPara)
    AS608_RegModel                           0x08000f5d   Thumb Code    52  as608.o(.text.AS608_RegModel)
    AS608_Search                             0x08000f91   Thumb Code   124  as608.o(.text.AS608_Search)
    AS608_StoreModel                         0x0800100d   Thumb Code    86  as608.o(.text.AS608_StoreModel)
    AccessCore_Init                          0x08002495   Thumb Code   740  access_core.o(.text.AccessCore_Init)
    AccessCore_QueryRecentUnlockLogs         0x08002779   Thumb Code   360  access_core.o(.text.AccessCore_QueryRecentUnlockLogs)
    AccessCore_Task                          0x080028e1   Thumb Code  6952  access_core.o(.text.AccessCore_Task)
    AppRTC_CancelAlarm                       0x0800447d   Thumb Code    64  rtc.o(.text.AppRTC_CancelAlarm)
    AppRTC_ConsumeAlarmFlag                  0x080044bd   Thumb Code    16  rtc.o(.text.AppRTC_ConsumeAlarmFlag)
    AppRTC_FormatDate                        0x08004679   Thumb Code   368  rtc.o(.text.AppRTC_FormatDate)
    AppRTC_FormatTime                        0x080047f5   Thumb Code   288  rtc.o(.text.AppRTC_FormatTime)
    AppRTC_GetDateTime                       0x08004921   Thumb Code   460  rtc.o(.text.AppRTC_GetDateTime)
    AppRTC_Init                              0x08004aed   Thumb Code   704  rtc.o(.text.AppRTC_Init)
    AppRTC_IsReady                           0x08004dad   Thumb Code    12  rtc.o(.text.AppRTC_IsReady)
    AppRTC_RTCAlarm_IRQHandler               0x08004db9   Thumb Code    52  rtc.o(.text.AppRTC_RTCAlarm_IRQHandler)
    AppRTC_RTC_IRQHandler                    0x08004ded   Thumb Code    38  rtc.o(.text.AppRTC_RTC_IRQHandler)
    AppRTC_SetAlarm                          0x08004e15   Thumb Code   222  rtc.o(.text.AppRTC_SetAlarm)
    AppRTC_SetDateTime                       0x08004ef5   Thumb Code   236  rtc.o(.text.AppRTC_SetDateTime)
    BKP_DeInit                               0x08004fe1   Thumb Code    18  stm32f10x_bkp.o(.text.BKP_DeInit)
    BKP_ReadBackupRegister                   0x08004ff5   Thumb Code    30  stm32f10x_bkp.o(.text.BKP_ReadBackupRegister)
    BKP_WriteBackupRegister                  0x08005015   Thumb Code    30  stm32f10x_bkp.o(.text.BKP_WriteBackupRegister)
    Bluetooth_GetFrame                       0x08005035   Thumb Code    78  bluetooth.o(.text.Bluetooth_GetFrame)
    Bluetooth_Init                           0x08005085   Thumb Code   360  bluetooth.o(.text.Bluetooth_Init)
    Bluetooth_SendFrame                      0x080051ed   Thumb Code    36  bluetooth.o(.text.Bluetooth_SendFrame)
    Bluetooth_SendFrameWithSeq               0x08005211   Thumb Code   190  bluetooth.o(.text.Bluetooth_SendFrameWithSeq)
    Bluetooth_Task                           0x080052d1   Thumb Code   958  bluetooth.o(.text.Bluetooth_Task)
    BusFault_Handler                         0x08005691   Thumb Code     2  stm32f10x_it.o(.text.BusFault_Handler)
    Buzzer_Beep                              0x08005695   Thumb Code    78  buzzer.o(.text.Buzzer_Beep)
    Buzzer_Init                              0x080056e5   Thumb Code   252  buzzer.o(.text.Buzzer_Init)
    Buzzer_Off                               0x080057e1   Thumb Code    66  buzzer.o(.text.Buzzer_Off)
    Buzzer_SetFrequency                      0x08005825   Thumb Code   160  buzzer.o(.text.Buzzer_SetFrequency)
    DebugMon_Handler                         0x080058c5   Thumb Code     2  stm32f10x_it.o(.text.DebugMon_Handler)
    EXTI_ClearITPendingBit                   0x080058c9   Thumb Code    12  stm32f10x_exti.o(.text.EXTI_ClearITPendingBit)
    EXTI_GetITStatus                         0x080058d5   Thumb Code    30  stm32f10x_exti.o(.text.EXTI_GetITStatus)
    EXTI_Init                                0x080058f5   Thumb Code   104  stm32f10x_exti.o(.text.EXTI_Init)
    GPIO_Init                                0x0800595d   Thumb Code   188  stm32f10x_gpio.o(.text.GPIO_Init)
    GPIO_PinRemapConfig                      0x08005a19   Thumb Code   128  stm32f10x_gpio.o(.text.GPIO_PinRemapConfig)
    GPIO_ReadInputDataBit                    0x08005a99   Thumb Code    10  stm32f10x_gpio.o(.text.GPIO_ReadInputDataBit)
    GPIO_ResetBits                           0x08005aa5   Thumb Code     4  stm32f10x_gpio.o(.text.GPIO_ResetBits)
    GPIO_SetBits                             0x08005aa9   Thumb Code     4  stm32f10x_gpio.o(.text.GPIO_SetBits)
    GetSystemTick                            0x08005aad   Thumb Code    12  timer.o(.text.GetSystemTick)
    HardFault_Handler                        0x08005ab9   Thumb Code     2  stm32f10x_it.o(.text.HardFault_Handler)
    I2C_CheckEvent                           0x08005abd   Thumb Code    22  stm32f10x_i2c.o(.text.I2C_CheckEvent)
    I2C_Cmd                                  0x08005ad5   Thumb Code    18  stm32f10x_i2c.o(.text.I2C_Cmd)
    I2C_DeInit                               0x08005ae9   Thumb Code    42  stm32f10x_i2c.o(.text.I2C_DeInit)
    I2C_GenerateSTART                        0x08005b15   Thumb Code    20  stm32f10x_i2c.o(.text.I2C_GenerateSTART)
    I2C_GenerateSTOP                         0x08005b29   Thumb Code    20  stm32f10x_i2c.o(.text.I2C_GenerateSTOP)
    I2C_GetFlagStatus                        0x08005b3d   Thumb Code    52  stm32f10x_i2c.o(.text.I2C_GetFlagStatus)
    I2C_Init                                 0x08005b71   Thumb Code   202  stm32f10x_i2c.o(.text.I2C_Init)
    I2C_Send7bitAddress                      0x08005c3d   Thumb Code    16  stm32f10x_i2c.o(.text.I2C_Send7bitAddress)
    I2C_SendData                             0x08005c4d   Thumb Code     4  stm32f10x_i2c.o(.text.I2C_SendData)
    IWDG_Config                              0x08005c51   Thumb Code    36  iwdg.o(.text.IWDG_Config)
    IWDG_Enable                              0x08005c75   Thumb Code    16  stm32f10x_iwdg.o(.text.IWDG_Enable)
    IWDG_Feed                                0x08005c85   Thumb Code     4  iwdg.o(.text.IWDG_Feed)
    IWDG_ReloadCounter                       0x08005c89   Thumb Code    16  stm32f10x_iwdg.o(.text.IWDG_ReloadCounter)
    IWDG_SetPrescaler                        0x08005c99   Thumb Code    12  stm32f10x_iwdg.o(.text.IWDG_SetPrescaler)
    IWDG_SetReload                           0x08005ca5   Thumb Code    12  stm32f10x_iwdg.o(.text.IWDG_SetReload)
    IWDG_WriteAccessCmd                      0x08005cb1   Thumb Code    12  stm32f10x_iwdg.o(.text.IWDG_WriteAccessCmd)
    JQ8900_Init                              0x08005cbd   Thumb Code   184  jq8900.o(.text.JQ8900_Init)
    JQ8900_PlayTrack                         0x08005d75   Thumb Code   124  jq8900.o(.text.JQ8900_PlayTrack)
    JQ8900_QueryPlayState                    0x08005df1   Thumb Code   112  jq8900.o(.text.JQ8900_QueryPlayState)
    JQ8900_ReadPlayState                     0x08005e61   Thumb Code   322  jq8900.o(.text.JQ8900_ReadPlayState)
    JQ8900_SendCommand                       0x08005fa5   Thumb Code   162  jq8900.o(.text.JQ8900_SendCommand)
    JQ8900_SetChannel                        0x08006049   Thumb Code   124  jq8900.o(.text.JQ8900_SetChannel)
    JQ8900_SetVolume                         0x080060c5   Thumb Code   124  jq8900.o(.text.JQ8900_SetVolume)
    JQ8900_Sleep                             0x08006141   Thumb Code   112  jq8900.o(.text.JQ8900_Sleep)
    JQ8900_StopInsert                        0x080061b1   Thumb Code   112  jq8900.o(.text.JQ8900_StopInsert)
    Keypad_Init                              0x08006221   Thumb Code   180  keypad.o(.text.Keypad_Init)
    Keypad_Scan10ms                          0x080062d5   Thumb Code   324  keypad.o(.text.Keypad_Scan10ms)
    LED_AllOff                               0x08006441   Thumb Code    34  led.o(.text.LED_AllOff)
    LED_Init                                 0x08006465   Thumb Code    62  led.o(.text.LED_Init)
    LED_RedBlink                             0x080064a5   Thumb Code    88  led.o(.text.LED_RedBlink)
    LED_ShowFail                             0x080064fd   Thumb Code    34  led.o(.text.LED_ShowFail)
    LED_ShowLocked                           0x08006521   Thumb Code    34  led.o(.text.LED_ShowLocked)
    LED_ShowSuccess                          0x08006545   Thumb Code    34  led.o(.text.LED_ShowSuccess)
    LED_ShowUnlocked                         0x08006569   Thumb Code    34  led.o(.text.LED_ShowUnlocked)
    MemManage_Handler                        0x0800658d   Thumb Code     2  stm32f10x_it.o(.text.MemManage_Handler)
    MenuUI_DisplayOff                        0x08006591   Thumb Code     4  menu_ui.o(.text.MenuUI_DisplayOff)
    MenuUI_DisplayOn                         0x08006595   Thumb Code     4  menu_ui.o(.text.MenuUI_DisplayOn)
    MenuUI_Init                              0x08006599   Thumb Code     4  menu_ui.o(.text.MenuUI_Init)
    MenuUI_ShowAdminMenu                     0x0800659d   Thumb Code   104  menu_ui.o(.text.MenuUI_ShowAdminMenu)
    MenuUI_ShowAdminPrompt                   0x0800666d   Thumb Code   320  menu_ui.o(.text.MenuUI_ShowAdminPrompt)
    MenuUI_ShowAuthScreen                    0x0800684d   Thumb Code    80  menu_ui.o(.text.MenuUI_ShowAuthScreen)
    MenuUI_ShowBootScreen                    0x080068d1   Thumb Code    76  menu_ui.o(.text.MenuUI_ShowBootScreen)
    MenuUI_ShowEnrollScreen                  0x08006961   Thumb Code   116  menu_ui.o(.text.MenuUI_ShowEnrollScreen)
    MenuUI_ShowFaultBanner                   0x08006a21   Thumb Code   200  menu_ui.o(.text.MenuUI_ShowFaultBanner)
    MenuUI_ShowIdleScreen                    0x08006ae9   Thumb Code    52  menu_ui.o(.text.MenuUI_ShowIdleScreen)
    MenuUI_ShowLines                         0x08006b3d   Thumb Code    98  menu_ui.o(.text.MenuUI_ShowLines)
    MenuUI_ShowLockoutScreen                 0x08006ba1   Thumb Code    76  menu_ui.o(.text.MenuUI_ShowLockoutScreen)
    MenuUI_ShowSelfTestResult                0x08006c35   Thumb Code   116  menu_ui.o(.text.MenuUI_ShowSelfTestResult)
    MenuUI_ShowUnlockedScreen                0x08006d19   Thumb Code   278  menu_ui.o(.text.MenuUI_ShowUnlockedScreen)
    MenuUI_UpdateIdleClock                   0x08006e31   Thumb Code   154  menu_ui.o(.text.MenuUI_UpdateIdleClock)
    MenuUI_UpdateInputDisplay                0x08006ecd   Thumb Code    52  menu_ui.o(.text.MenuUI_UpdateInputDisplay)
    MySPI_Init                               0x08006f01   Thumb Code   136  my_spi.o(.text.MySPI_Init)
    MySPI_SwapByte                           0x08006f89   Thumb Code   128  my_spi.o(.text.MySPI_SwapByte)
    NMI_Handler                              0x08007009   Thumb Code     2  stm32f10x_it.o(.text.NMI_Handler)
    NVIC_Init                                0x0800700d   Thumb Code    94  misc.o(.text.NVIC_Init)
    OLED_Clear                               0x0800706d   Thumb Code    66  oled.o(.text.OLED_Clear)
    OLED_ClearLine                           0x080070b1   Thumb Code    92  oled.o(.text.OLED_ClearLine)
    OLED_DisplayOff                          0x0800710d   Thumb Code    30  oled.o(.text.OLED_DisplayOff)
    OLED_DisplayOn                           0x0800712d   Thumb Code    30  oled.o(.text.OLED_DisplayOn)
    OLED_Init                                0x0800714d   Thumb Code   550  oled.o(.text.OLED_Init)
    OLED_ShowChar                            0x08007375   Thumb Code   218  oled.o(.text.OLED_ShowChar)
    OLED_ShowUTF8String                      0x08007451   Thumb Code   576  oled.o(.text.OLED_ShowUTF8String)
    PWR_BackupAccessCmd                      0x0800776d   Thumb Code    10  stm32f10x_pwr.o(.text.PWR_BackupAccessCmd)
    PWR_ClearFlag                            0x08007779   Thumb Code    18  stm32f10x_pwr.o(.text.PWR_ClearFlag)
    PWR_EnterSTOPMode                        0x0800778d   Thumb Code    58  stm32f10x_pwr.o(.text.PWR_EnterSTOPMode)
    PWR_WakeUpPinCmd                         0x080077c9   Thumb Code    10  stm32f10x_pwr.o(.text.PWR_WakeUpPinCmd)
    PendSV_Handler                           0x080077d5   Thumb Code     2  stm32f10x_it.o(.text.PendSV_Handler)
    RC522_Anticoll                           0x080077d9   Thumb Code   136  rc522.o(.text.RC522_Anticoll)
    RC522_GetVersion                         0x080078d5   Thumb Code    54  rc522.o(.text.RC522_GetVersion)
    RC522_Halt                               0x0800790d   Thumb Code   410  rc522.o(.text.RC522_Halt)
    RC522_Init                               0x08007aa9   Thumb Code   522  rc522.o(.text.RC522_Init)
    RC522_Request                            0x08007cb5   Thumb Code   150  rc522.o(.text.RC522_Request)
    RCC_APB1PeriphClockCmd                   0x08007fcd   Thumb Code    24  stm32f10x_rcc.o(.text.RCC_APB1PeriphClockCmd)
    RCC_APB1PeriphResetCmd                   0x08007fe5   Thumb Code    24  stm32f10x_rcc.o(.text.RCC_APB1PeriphResetCmd)
    RCC_APB2PeriphClockCmd                   0x08007ffd   Thumb Code    24  stm32f10x_rcc.o(.text.RCC_APB2PeriphClockCmd)
    RCC_APB2PeriphResetCmd                   0x08008015   Thumb Code    24  stm32f10x_rcc.o(.text.RCC_APB2PeriphResetCmd)
    RCC_BackupResetCmd                       0x0800802d   Thumb Code    12  stm32f10x_rcc.o(.text.RCC_BackupResetCmd)
    RCC_GetClocksFreq                        0x08008039   Thumb Code   140  stm32f10x_rcc.o(.text.RCC_GetClocksFreq)
    RCC_GetFlagStatus                        0x080080c5   Thumb Code    38  stm32f10x_rcc.o(.text.RCC_GetFlagStatus)
    RCC_LSEConfig                            0x080080ed   Thumb Code    30  stm32f10x_rcc.o(.text.RCC_LSEConfig)
    RCC_LSICmd                               0x0800810d   Thumb Code    12  stm32f10x_rcc.o(.text.RCC_LSICmd)
    RCC_RTCCLKCmd                            0x08008119   Thumb Code    12  stm32f10x_rcc.o(.text.RCC_RTCCLKCmd)
    RCC_RTCCLKConfig                         0x08008125   Thumb Code    16  stm32f10x_rcc.o(.text.RCC_RTCCLKConfig)
    RTCAlarm_IRQHandler                      0x08008135   Thumb Code     4  stm32f10x_it.o(.text.RTCAlarm_IRQHandler)
    RTC_ClearFlag                            0x08008139   Thumb Code    18  stm32f10x_rtc.o(.text.RTC_ClearFlag)
    RTC_ClearITPendingBit                    0x0800814d   Thumb Code    18  stm32f10x_rtc.o(.text.RTC_ClearITPendingBit)
    RTC_GetCounter                           0x08008161   Thumb Code    18  stm32f10x_rtc.o(.text.RTC_GetCounter)
    RTC_GetFlagStatus                        0x08008175   Thumb Code    18  stm32f10x_rtc.o(.text.RTC_GetFlagStatus)
    RTC_GetITStatus                          0x08008189   Thumb Code    34  stm32f10x_rtc.o(.text.RTC_GetITStatus)
    RTC_IRQHandler                           0x080081ad   Thumb Code     4  stm32f10x_it.o(.text.RTC_IRQHandler)
    RTC_ITConfig                             0x080081b1   Thumb Code    24  stm32f10x_rtc.o(.text.RTC_ITConfig)
    RTC_SetAlarm                             0x080081c9   Thumb Code    32  stm32f10x_rtc.o(.text.RTC_SetAlarm)
    RTC_SetCounter                           0x080081e9   Thumb Code    32  stm32f10x_rtc.o(.text.RTC_SetCounter)
    RTC_SetPrescaler                         0x08008209   Thumb Code    34  stm32f10x_rtc.o(.text.RTC_SetPrescaler)
    SPI_Cmd                                  0x0800822d   Thumb Code    20  stm32f10x_spi.o(.text.SPI_Cmd)
    SPI_I2S_DeInit                           0x08008241   Thumb Code   104  stm32f10x_spi.o(.text.SPI_I2S_DeInit)
    SPI_I2S_GetFlagStatus                    0x080082a9   Thumb Code    10  stm32f10x_spi.o(.text.SPI_I2S_GetFlagStatus)
    SPI_I2S_ReceiveData                      0x080082b5   Thumb Code     4  stm32f10x_spi.o(.text.SPI_I2S_ReceiveData)
    SPI_I2S_SendData                         0x080082b9   Thumb Code     4  stm32f10x_spi.o(.text.SPI_I2S_SendData)
    SPI_Init                                 0x080082bd   Thumb Code    70  stm32f10x_spi.o(.text.SPI_Init)
    SPI_NSSInternalSoftwareConfig            0x08008305   Thumb Code    24  stm32f10x_spi.o(.text.SPI_NSSInternalSoftwareConfig)
    SVC_Handler                              0x0800831d   Thumb Code     2  stm32f10x_it.o(.text.SVC_Handler)
    Servo_Init                               0x08008321   Thumb Code   226  servo.o(.text.Servo_Init)
    Servo_Lock                               0x08008405   Thumb Code    12  servo.o(.text.Servo_Lock)
    Servo_Unlock                             0x08008411   Thumb Code    12  servo.o(.text.Servo_Unlock)
    SysTick_CLKSourceConfig                  0x0800841d   Thumb Code    24  misc.o(.text.SysTick_CLKSourceConfig)
    SysTick_Handler                          0x08008435   Thumb Code     2  stm32f10x_it.o(.text.SysTick_Handler)
    SystemCoreClockUpdate                    0x08008439   Thumb Code    94  system_stm32f10x.o(.text.SystemCoreClockUpdate)
    SystemInit                               0x08008499   Thumb Code   268  system_stm32f10x.o(.text.SystemInit)
    TIM3_IRQHandler                          0x080085a5   Thumb Code    54  timer.o(.text.TIM3_IRQHandler)
    TIM_ARRPreloadConfig                     0x080085dd   Thumb Code    20  stm32f10x_tim.o(.text.TIM_ARRPreloadConfig)
    TIM_CCxCmd                               0x080085f1   Thumb Code    32  stm32f10x_tim.o(.text.TIM_CCxCmd)
    TIM_ClearFlag                            0x08008611   Thumb Code     6  stm32f10x_tim.o(.text.TIM_ClearFlag)
    TIM_ClearITPendingBit                    0x08008619   Thumb Code     6  stm32f10x_tim.o(.text.TIM_ClearITPendingBit)
    TIM_Cmd                                  0x08008621   Thumb Code    18  stm32f10x_tim.o(.text.TIM_Cmd)
    TIM_DeInit                               0x08008635   Thumb Code   560  stm32f10x_tim.o(.text.TIM_DeInit)
    TIM_GenerateEvent                        0x08008865   Thumb Code     4  stm32f10x_tim.o(.text.TIM_GenerateEvent)
    TIM_GetITStatus                          0x08008869   Thumb Code    24  stm32f10x_tim.o(.text.TIM_GetITStatus)
    TIM_ITConfig                             0x08008881   Thumb Code    16  stm32f10x_tim.o(.text.TIM_ITConfig)
    TIM_OC1Init                              0x08008891   Thumb Code   112  stm32f10x_tim.o(.text.TIM_OC1Init)
    TIM_OC1PreloadConfig                     0x08008901   Thumb Code    12  stm32f10x_tim.o(.text.TIM_OC1PreloadConfig)
    TIM_OC3Init                              0x0800890d   Thumb Code   116  stm32f10x_tim.o(.text.TIM_OC3Init)
    TIM_OC3PreloadConfig                     0x08008981   Thumb Code    12  stm32f10x_tim.o(.text.TIM_OC3PreloadConfig)
    TIM_OCStructInit                         0x0800898d   Thumb Code    12  stm32f10x_tim.o(.text.TIM_OCStructInit)
    TIM_SetAutoreload                        0x08008999   Thumb Code     4  stm32f10x_tim.o(.text.TIM_SetAutoreload)
    TIM_SetCompare1                          0x0800899d   Thumb Code     4  stm32f10x_tim.o(.text.TIM_SetCompare1)
    TIM_SetCompare3                          0x080089a1   Thumb Code     4  stm32f10x_tim.o(.text.TIM_SetCompare3)
    TIM_SetCounter                           0x080089a5   Thumb Code     4  stm32f10x_tim.o(.text.TIM_SetCounter)
    TIM_TimeBaseInit                         0x080089a9   Thumb Code   170  stm32f10x_tim.o(.text.TIM_TimeBaseInit)
    Timer_Init                               0x08008a55   Thumb Code   152  timer.o(.text.Timer_Init)
    Timer_Stop                               0x08008aed   Thumb Code    40  timer.o(.text.Timer_Stop)
    USART1_IRQHandler                        0x08008b15   Thumb Code   126  as608.o(.text.USART1_IRQHandler)
    USART2_IRQHandler                        0x08008b95   Thumb Code   146  bluetooth.o(.text.USART2_IRQHandler)
    USART3_IRQHandler                        0x08008c29   Thumb Code    76  jq8900.o(.text.USART3_IRQHandler)
    USART_Cmd                                0x08008c75   Thumb Code    20  stm32f10x_usart.o(.text.USART_Cmd)
    USART_DeInit                             0x08008c89   Thumb Code   174  stm32f10x_usart.o(.text.USART_DeInit)
    USART_GetFlagStatus                      0x08008d39   Thumb Code    10  stm32f10x_usart.o(.text.USART_GetFlagStatus)
    USART_GetITStatus                        0x08008d45   Thumb Code    50  stm32f10x_usart.o(.text.USART_GetITStatus)
    USART_ITConfig                           0x08008d79   Thumb Code    46  stm32f10x_usart.o(.text.USART_ITConfig)
    USART_Init                               0x08008da9   Thumb Code   182  stm32f10x_usart.o(.text.USART_Init)
    USART_ReceiveData                        0x08008e61   Thumb Code     8  stm32f10x_usart.o(.text.USART_ReceiveData)
    USART_SendData                           0x08008e69   Thumb Code     8  stm32f10x_usart.o(.text.USART_SendData)
    UsageFault_Handler                       0x08008e71   Thumb Code     2  stm32f10x_it.o(.text.UsageFault_Handler)
    W25Q64_EraseSector                       0x08008e75   Thumb Code   214  w25q64.o(.text.W25Q64_EraseSector)
    W25Q64_Init                              0x08008f4d   Thumb Code    66  w25q64.o(.text.W25Q64_Init)
    W25Q64_ReadBytes                         0x08008f91   Thumb Code   208  w25q64.o(.text.W25Q64_ReadBytes)
    W25Q64_ReadID                            0x08009061   Thumb Code   184  w25q64.o(.text.W25Q64_ReadID)
    W25Q64_WriteBytes                        0x08009119   Thumb Code   386  w25q64.o(.text.W25Q64_WriteBytes)
    W25Q64_WriteEnable                       0x0800929d   Thumb Code   112  w25q64.o(.text.W25Q64_WriteEnable)
    delay_init                               0x0800930d   Thumb Code    52  delay.o(.text.delay_init)
    delay_ms                                 0x08009341   Thumb Code    96  delay.o(.text.delay_ms)
    main                                     0x080093a1   Thumb Code    20  main.o(.text.main)
    _is_digit                                0x080093b5   Thumb Code    14  __printf_wp.o(i._is_digit)
    AHBPrescTable                            0x080093ff   Data          16  system_stm32f10x.o(.rodata.AHBPrescTable)
    OLED_F8x16                               0x0800a87e   Data        1520  oled.o(.rodata.OLED_F8x16)
    Region$$Table$$Base                      0x0800b0fc   Number         0  anon$$obj.o(Region$$Table)
    Region$$Table$$Limit                     0x0800b11c   Number         0  anon$$obj.o(Region$$Table)
    SystemCoreClock                          0x20000004   Data           4  system_stm32f10x.o(.data.SystemCoreClock)
    __libspace_start                         0x20000010   Data          96  libspace.o(.bss)
    __temporary_stack_top$libspace           0x20000070   Data           0  libspace.o(.bss)
    Bluetooth_RxActivityFlag                 0x200003cd   Data           1  bluetooth.o(.bss.Bluetooth_RxActivityFlag)
    Keypad_KeyFlag                           0x20000497   Data           1  keypad.o(.bss.Keypad_KeyFlag)
    Keypad_KeyValue                          0x20000498   Data           1  keypad.o(.bss.Keypad_KeyValue)
    SystemTicks                              0x2000049c   Data           4  timer.o(.bss.SystemTicks)



==============================================================================

Memory Map of the image

  Image Entry point : 0x080000ed

  Load Region LR_IROM1 (Base: 0x08000000, Size: 0x0000b130, Max: 0x00010000, ABSOLUTE)

    Execution Region ER_IROM1 (Exec base: 0x08000000, Load base: 0x08000000, Size: 0x0000b11c, Max: 0x00010000, ABSOLUTE)

    Exec Addr    Load Addr    Size         Type   Attr      Idx    E Section Name        Object

    0x08000000   0x08000000   0x000000ec   Data   RO            3    RESET               startup_stm32f10x_md.o
    0x080000ec   0x080000ec   0x00000008   Code   RO         1825  * !!!main             c_w.l(__main.o)
    0x080000f4   0x080000f4   0x0000005c   Code   RO         2001    !!!scatter          c_w.l(__scatter.o)
    0x08000150   0x08000150   0x0000001a   Code   RO         2005    !!handler_copy      c_w.l(__scatter_copy.o)
    0x0800016a   0x0800016a   0x00000002   PAD
    0x0800016c   0x0800016c   0x00000002   Code   RO         2002    !!handler_null      c_w.l(__scatter.o)
    0x0800016e   0x0800016e   0x00000002   PAD
    0x08000170   0x08000170   0x0000001c   Code   RO         2007    !!handler_zi        c_w.l(__scatter_zi.o)
    0x0800018c   0x0800018c   0x00000000   Code   RO         1808    .ARM.Collect$$_printf_percent$$00000000  c_w.l(_printf_percent.o)
    0x0800018c   0x0800018c   0x00000006   Code   RO         1807    .ARM.Collect$$_printf_percent$$0000000A  c_w.l(_printf_u.o)
    0x08000192   0x08000192   0x00000006   Code   RO         1806    .ARM.Collect$$_printf_percent$$0000000C  c_w.l(_printf_x.o)
    0x08000198   0x08000198   0x00000006   Code   RO         1805    .ARM.Collect$$_printf_percent$$00000014  c_w.l(_printf_s.o)
    0x0800019e   0x0800019e   0x00000004   Code   RO         1836    .ARM.Collect$$_printf_percent$$00000017  c_w.l(_printf_percent_end.o)
    0x080001a2   0x080001a2   0x00000002   Code   RO         1863    .ARM.Collect$$libinit$$00000000  c_w.l(libinit.o)
    0x080001a4   0x080001a4   0x00000000   Code   RO         1870    .ARM.Collect$$libinit$$00000002  c_w.l(libinit2.o)
    0x080001a4   0x080001a4   0x00000000   Code   RO         1872    .ARM.Collect$$libinit$$00000004  c_w.l(libinit2.o)
    0x080001a4   0x080001a4   0x00000000   Code   RO         1874    .ARM.Collect$$libinit$$00000006  c_w.l(libinit2.o)
    0x080001a4   0x080001a4   0x00000000   Code   RO         1877    .ARM.Collect$$libinit$$0000000C  c_w.l(libinit2.o)
    0x080001a4   0x080001a4   0x00000000   Code   RO         1879    .ARM.Collect$$libinit$$0000000E  c_w.l(libinit2.o)
    0x080001a4   0x080001a4   0x00000000   Code   RO         1881    .ARM.Collect$$libinit$$00000010  c_w.l(libinit2.o)
    0x080001a4   0x080001a4   0x00000000   Code   RO         1884    .ARM.Collect$$libinit$$00000013  c_w.l(libinit2.o)
    0x080001a4   0x080001a4   0x00000000   Code   RO         1886    .ARM.Collect$$libinit$$00000015  c_w.l(libinit2.o)
    0x080001a4   0x080001a4   0x00000000   Code   RO         1888    .ARM.Collect$$libinit$$00000017  c_w.l(libinit2.o)
    0x080001a4   0x080001a4   0x00000000   Code   RO         1890    .ARM.Collect$$libinit$$00000019  c_w.l(libinit2.o)
    0x080001a4   0x080001a4   0x00000000   Code   RO         1892    .ARM.Collect$$libinit$$0000001B  c_w.l(libinit2.o)
    0x080001a4   0x080001a4   0x00000000   Code   RO         1894    .ARM.Collect$$libinit$$0000001D  c_w.l(libinit2.o)
    0x080001a4   0x080001a4   0x00000000   Code   RO         1896    .ARM.Collect$$libinit$$0000001F  c_w.l(libinit2.o)
    0x080001a4   0x080001a4   0x00000000   Code   RO         1898    .ARM.Collect$$libinit$$00000021  c_w.l(libinit2.o)
    0x080001a4   0x080001a4   0x00000000   Code   RO         1900    .ARM.Collect$$libinit$$00000023  c_w.l(libinit2.o)
    0x080001a4   0x080001a4   0x00000000   Code   RO         1902    .ARM.Collect$$libinit$$00000025  c_w.l(libinit2.o)
    0x080001a4   0x080001a4   0x00000000   Code   RO         1904    .ARM.Collect$$libinit$$00000027  c_w.l(libinit2.o)
    0x080001a4   0x080001a4   0x00000000   Code   RO         1908    .ARM.Collect$$libinit$$0000002E  c_w.l(libinit2.o)
    0x080001a4   0x080001a4   0x00000000   Code   RO         1910    .ARM.Collect$$libinit$$00000030  c_w.l(libinit2.o)
    0x080001a4   0x080001a4   0x00000000   Code   RO         1912    .ARM.Collect$$libinit$$00000032  c_w.l(libinit2.o)
    0x080001a4   0x080001a4   0x00000000   Code   RO         1914    .ARM.Collect$$libinit$$00000034  c_w.l(libinit2.o)
    0x080001a4   0x080001a4   0x00000002   Code   RO         1915    .ARM.Collect$$libinit$$00000035  c_w.l(libinit2.o)
    0x080001a6   0x080001a6   0x00000002   Code   RO         1937    .ARM.Collect$$libshutdown$$00000000  c_w.l(libshutdown.o)
    0x080001a8   0x080001a8   0x00000000   Code   RO         1952    .ARM.Collect$$libshutdown$$00000002  c_w.l(libshutdown2.o)
    0x080001a8   0x080001a8   0x00000000   Code   RO         1954    .ARM.Collect$$libshutdown$$00000004  c_w.l(libshutdown2.o)
    0x080001a8   0x080001a8   0x00000000   Code   RO         1957    .ARM.Collect$$libshutdown$$00000007  c_w.l(libshutdown2.o)
    0x080001a8   0x080001a8   0x00000000   Code   RO         1960    .ARM.Collect$$libshutdown$$0000000A  c_w.l(libshutdown2.o)
    0x080001a8   0x080001a8   0x00000000   Code   RO         1962    .ARM.Collect$$libshutdown$$0000000C  c_w.l(libshutdown2.o)
    0x080001a8   0x080001a8   0x00000000   Code   RO         1965    .ARM.Collect$$libshutdown$$0000000F  c_w.l(libshutdown2.o)
    0x080001a8   0x080001a8   0x00000002   Code   RO         1966    .ARM.Collect$$libshutdown$$00000010  c_w.l(libshutdown2.o)
    0x080001aa   0x080001aa   0x00000000   Code   RO         1827    .ARM.Collect$$rtentry$$00000000  c_w.l(__rtentry.o)
    0x080001aa   0x080001aa   0x00000000   Code   RO         1838    .ARM.Collect$$rtentry$$00000002  c_w.l(__rtentry2.o)
    0x080001aa   0x080001aa   0x00000006   Code   RO         1850    .ARM.Collect$$rtentry$$00000004  c_w.l(__rtentry4.o)
    0x080001b0   0x080001b0   0x00000000   Code   RO         1840    .ARM.Collect$$rtentry$$00000009  c_w.l(__rtentry2.o)
    0x080001b0   0x080001b0   0x00000004   Code   RO         1841    .ARM.Collect$$rtentry$$0000000A  c_w.l(__rtentry2.o)
    0x080001b4   0x080001b4   0x00000000   Code   RO         1843    .ARM.Collect$$rtentry$$0000000C  c_w.l(__rtentry2.o)
    0x080001b4   0x080001b4   0x00000008   Code   RO         1844    .ARM.Collect$$rtentry$$0000000D  c_w.l(__rtentry2.o)
    0x080001bc   0x080001bc   0x00000002   Code   RO         1867    .ARM.Collect$$rtexit$$00000000  c_w.l(rtexit.o)
    0x080001be   0x080001be   0x00000000   Code   RO         1917    .ARM.Collect$$rtexit$$00000002  c_w.l(rtexit2.o)
    0x080001be   0x080001be   0x00000004   Code   RO         1918    .ARM.Collect$$rtexit$$00000003  c_w.l(rtexit2.o)
    0x080001c2   0x080001c2   0x00000006   Code   RO         1919    .ARM.Collect$$rtexit$$00000004  c_w.l(rtexit2.o)
    0x080001c8   0x080001c8   0x00000040   Code   RO            4    .text               startup_stm32f10x_md.o
    0x08000208   0x08000208   0x00000028   Code   RO         1754    .text               c_w.l(noretval__2sprintf.o)
    0x08000230   0x08000230   0x0000004e   Code   RO         1758    .text               c_w.l(_printf_pad.o)
    0x0800027e   0x0800027e   0x00000052   Code   RO         1760    .text               c_w.l(_printf_str.o)
    0x080002d0   0x080002d0   0x00000078   Code   RO         1762    .text               c_w.l(_printf_dec.o)
    0x08000348   0x08000348   0x00000058   Code   RO         1767    .text               c_w.l(_printf_hex_int.o)
    0x080003a0   0x080003a0   0x00000188   Code   RO         1802    .text               c_w.l(__printf_flags_ss_wp.o)
    0x08000528   0x08000528   0x00000058   Code   RO         1809    .text               c_w.l(memcmp.o)
    0x08000580   0x08000580   0x0000003e   Code   RO         1811    .text               c_w.l(strlen.o)
    0x080005be   0x080005be   0x0000008a   Code   RO         1813    .text               c_w.l(rt_memcpy_v6.o)
    0x08000648   0x08000648   0x00000064   Code   RO         1815    .text               c_w.l(rt_memcpy_w.o)
    0x080006ac   0x080006ac   0x00000044   Code   RO         1817    .text               c_w.l(rt_memclr.o)
    0x080006f0   0x080006f0   0x0000004e   Code   RO         1819    .text               c_w.l(rt_memclr_w.o)
    0x0800073e   0x0800073e   0x00000056   Code   RO         1821    .text               c_w.l(strncpy.o)
    0x08000794   0x08000794   0x00000006   Code   RO         1823    .text               c_w.l(heapauxi.o)
    0x0800079a   0x0800079a   0x000000b2   Code   RO         1828    .text               c_w.l(_printf_intcommon.o)
    0x0800084c   0x0800084c   0x00000030   Code   RO         1830    .text               c_w.l(_printf_char_common.o)
    0x0800087c   0x0800087c   0x0000000a   Code   RO         1832    .text               c_w.l(_sputc.o)
    0x08000886   0x08000886   0x0000002c   Code   RO         1834    .text               c_w.l(_printf_char.o)
    0x080008b2   0x080008b2   0x0000004a   Code   RO         1854    .text               c_w.l(sys_stackheap_outer.o)
    0x080008fc   0x080008fc   0x00000012   Code   RO         1856    .text               c_w.l(exit.o)
    0x0800090e   0x0800090e   0x00000002   PAD
    0x08000910   0x08000910   0x00000008   Code   RO         1864    .text               c_w.l(libspace.o)
    0x08000918   0x08000918   0x0000000c   Code   RO         1927    .text               c_w.l(sys_exit.o)
    0x08000924   0x08000924   0x00000002   Code   RO         1942    .text               c_w.l(use_no_semi.o)
    0x08000926   0x08000926   0x00000000   Code   RO         1944    .text               c_w.l(indicate_semi.o)
    0x08000926   0x08000926   0x00000002   PAD
    0x08000928   0x08000928   0x000003d4   Code   RO         1420    .text.AS608_CommandAck  as608.o
    0x08000cfc   0x08000cfc   0x00000048   Code   RO         1442    .text.AS608_DeleteModel  as608.o
    0x08000d44   0x08000d44   0x00000034   Code   RO         1430    .text.AS608_GetImage  as608.o
    0x08000d78   0x08000d78   0x0000004c   Code   RO         1422    .text.AS608_Handshake  as608.o
    0x08000dc4   0x08000dc4   0x0000004c   Code   RO         1432    .text.AS608_Image2Tz  as608.o
    0x08000e10   0x08000e10   0x000000c2   Code   RO         1416    .text.AS608_Init    as608.o
    0x08000ed2   0x08000ed2   0x00000002   PAD
    0x08000ed4   0x08000ed4   0x00000086   Code   RO         1428    .text.AS608_ReadSysPara  as608.o
    0x08000f5a   0x08000f5a   0x00000002   PAD
    0x08000f5c   0x08000f5c   0x00000034   Code   RO         1438    .text.AS608_RegModel  as608.o
    0x08000f90   0x08000f90   0x0000007c   Code   RO         1436    .text.AS608_Search  as608.o
    0x0800100c   0x0800100c   0x00000056   Code   RO         1440    .text.AS608_StoreModel  as608.o
    0x08001062   0x08001062   0x00000002   PAD
    0x08001064   0x08001064   0x0000007c   Code   RO         1458    .text.AS608_WaitByte  as608.o
    0x080010e0   0x080010e0   0x000000ac   Code   RO         1624    .text.AccessControl_AddCard  access_core.o
    0x0800118c   0x0800118c   0x0000003e   Code   RO         1604    .text.AccessControl_ClearLockoutIfActive  access_core.o
    0x080011ca   0x080011ca   0x00000002   PAD
    0x080011cc   0x080011cc   0x00000166   Code   RO         1592    .text.AccessControl_DecodeConfig  access_core.o
    0x08001332   0x08001332   0x00000002   PAD
    0x08001334   0x08001334   0x000000d0   Code   RO         1626    .text.AccessControl_DeleteCard  access_core.o
    0x08001404   0x08001404   0x0000008a   Code   RO         1610    .text.AccessControl_DeleteFingerprint  access_core.o
    0x0800148e   0x0800148e   0x00000002   PAD
    0x08001490   0x08001490   0x00000544   Code   RO         1588    .text.AccessControl_EnterState  access_core.o
    0x080019d4   0x080019d4   0x0000003a   Code   RO         1622    .text.AccessControl_FindCardIndex  access_core.o
    0x08001a0e   0x08001a0e   0x00000002   PAD
    0x08001a10   0x08001a10   0x000000c6   Code   RO         1618    .text.AccessControl_FindNextFingerprintPage  access_core.o
    0x08001ad6   0x08001ad6   0x00000002   PAD
    0x08001ad8   0x08001ad8   0x00000156   Code   RO         1620    .text.AccessControl_HandlePasswordConfirm  access_core.o
    0x08001c2e   0x08001c2e   0x00000002   PAD
    0x08001c30   0x08001c30   0x00000194   Code   RO         1596    .text.AccessControl_InitLogStorage  access_core.o
    0x08001dc4   0x08001dc4   0x00000202   Code   RO         1598    .text.AccessControl_LogEvent  access_core.o
    0x08001fc6   0x08001fc6   0x00000002   PAD
    0x08001fc8   0x08001fc8   0x00000068   Code   RO         1602    .text.AccessControl_ParseDecimal  access_core.o
    0x08002030   0x08002030   0x0000007a   Code   RO         1600    .text.AccessControl_PlayPrompt  access_core.o
    0x080020aa   0x080020aa   0x00000002   PAD
    0x080020ac   0x080020ac   0x0000004e   Code   RO         1612    .text.AccessControl_RecordFailure  access_core.o
    0x080020fa   0x080020fa   0x00000002   PAD
    0x080020fc   0x080020fc   0x00000068   Code   RO         1606    .text.AccessControl_RecordPasswordFailure  access_core.o
    0x08002164   0x08002164   0x00000070   Code   RO         1614    .text.AccessControl_ReturnToAdminMenu  access_core.o
    0x080021d4   0x080021d4   0x00000130   Code   RO         1594    .text.AccessControl_SaveConfig  access_core.o
    0x08002304   0x08002304   0x00000146   Code   RO         1608    .text.AccessControl_StartEnrollment  access_core.o
    0x0800244a   0x0800244a   0x00000002   PAD
    0x0800244c   0x0800244c   0x00000046   Code   RO         1616    .text.AccessControl_UpdatePassword  access_core.o
    0x08002492   0x08002492   0x00000002   PAD
    0x08002494   0x08002494   0x000002e4   Code   RO         1586    .text.AccessCore_Init  access_core.o
    0x08002778   0x08002778   0x00000168   Code   RO         1582    .text.AccessCore_QueryRecentUnlockLogs  access_core.o
    0x080028e0   0x080028e0   0x00001b9c   Code   RO         1590    .text.AccessCore_Task  access_core.o
    0x0800447c   0x0800447c   0x00000040   Code   RO         1194    .text.AppRTC_CancelAlarm  rtc.o
    0x080044bc   0x080044bc   0x00000010   Code   RO         1204    .text.AppRTC_ConsumeAlarmFlag  rtc.o
    0x080044cc   0x080044cc   0x000001aa   Code   RO         1192    .text.AppRTC_DateTimeToSeconds  rtc.o
    0x08004676   0x08004676   0x00000002   PAD
    0x08004678   0x08004678   0x0000017c   Code   RO         1206    .text.AppRTC_FormatDate  rtc.o
    0x080047f4   0x080047f4   0x0000012c   Code   RO         1208    .text.AppRTC_FormatTime  rtc.o
    0x08004920   0x08004920   0x000001cc   Code   RO         1198    .text.AppRTC_GetDateTime  rtc.o
    0x08004aec   0x08004aec   0x000002c0   Code   RO         1190    .text.AppRTC_Init   rtc.o
    0x08004dac   0x08004dac   0x0000000c   Code   RO         1196    .text.AppRTC_IsReady  rtc.o
    0x08004db8   0x08004db8   0x00000034   Code   RO         1212    .text.AppRTC_RTCAlarm_IRQHandler  rtc.o
    0x08004dec   0x08004dec   0x00000026   Code   RO         1210    .text.AppRTC_RTC_IRQHandler  rtc.o
    0x08004e12   0x08004e12   0x00000002   PAD
    0x08004e14   0x08004e14   0x000000de   Code   RO         1202    .text.AppRTC_SetAlarm  rtc.o
    0x08004ef2   0x08004ef2   0x00000002   PAD
    0x08004ef4   0x08004ef4   0x000000ec   Code   RO         1200    .text.AppRTC_SetDateTime  rtc.o
    0x08004fe0   0x08004fe0   0x00000012   Code   RO          123    .text.BKP_DeInit    stm32f10x_bkp.o
    0x08004ff2   0x08004ff2   0x00000002   PAD
    0x08004ff4   0x08004ff4   0x0000001e   Code   RO          137    .text.BKP_ReadBackupRegister  stm32f10x_bkp.o
    0x08005012   0x08005012   0x00000002   PAD
    0x08005014   0x08005014   0x0000001e   Code   RO          135    .text.BKP_WriteBackupRegister  stm32f10x_bkp.o
    0x08005032   0x08005032   0x00000002   PAD
    0x08005034   0x08005034   0x0000004e   Code   RO         1485    .text.Bluetooth_GetFrame  bluetooth.o
    0x08005082   0x08005082   0x00000002   PAD
    0x08005084   0x08005084   0x00000168   Code   RO         1477    .text.Bluetooth_Init  bluetooth.o
    0x080051ec   0x080051ec   0x00000024   Code   RO         1481    .text.Bluetooth_SendFrame  bluetooth.o
    0x08005210   0x08005210   0x000000be   Code   RO         1479    .text.Bluetooth_SendFrameWithSeq  bluetooth.o
    0x080052ce   0x080052ce   0x00000002   PAD
    0x080052d0   0x080052d0   0x000003be   Code   RO         1491    .text.Bluetooth_Task  bluetooth.o
    0x0800568e   0x0800568e   0x00000002   PAD
    0x08005690   0x08005690   0x00000002   Code   RO         1728    .text.BusFault_Handler  stm32f10x_it.o
    0x08005692   0x08005692   0x00000002   PAD
    0x08005694   0x08005694   0x0000004e   Code   RO         1351    .text.Buzzer_Beep   buzzer.o
    0x080056e2   0x080056e2   0x00000002   PAD
    0x080056e4   0x080056e4   0x000000fc   Code   RO         1345    .text.Buzzer_Init   buzzer.o
    0x080057e0   0x080057e0   0x00000042   Code   RO         1347    .text.Buzzer_Off    buzzer.o
    0x08005822   0x08005822   0x00000002   PAD
    0x08005824   0x08005824   0x000000a0   Code   RO         1349    .text.Buzzer_SetFrequency  buzzer.o
    0x080058c4   0x080058c4   0x00000002   Code   RO         1734    .text.DebugMon_Handler  stm32f10x_it.o
    0x080058c6   0x080058c6   0x00000002   PAD
    0x080058c8   0x080058c8   0x0000000c   Code   RO          357    .text.EXTI_ClearITPendingBit  stm32f10x_exti.o
    0x080058d4   0x080058d4   0x0000001e   Code   RO          355    .text.EXTI_GetITStatus  stm32f10x_exti.o
    0x080058f2   0x080058f2   0x00000002   PAD
    0x080058f4   0x080058f4   0x00000068   Code   RO          345    .text.EXTI_Init     stm32f10x_exti.o
    0x0800595c   0x0800595c   0x000000bc   Code   RO          481    .text.GPIO_Init     stm32f10x_gpio.o
    0x08005a18   0x08005a18   0x00000080   Code   RO          507    .text.GPIO_PinRemapConfig  stm32f10x_gpio.o
    0x08005a98   0x08005a98   0x0000000a   Code   RO          485    .text.GPIO_ReadInputDataBit  stm32f10x_gpio.o
    0x08005aa2   0x08005aa2   0x00000002   PAD
    0x08005aa4   0x08005aa4   0x00000004   Code   RO          495    .text.GPIO_ResetBits  stm32f10x_gpio.o
    0x08005aa8   0x08005aa8   0x00000004   Code   RO          493    .text.GPIO_SetBits  stm32f10x_gpio.o
    0x08005aac   0x08005aac   0x0000000c   Code   RO         1179    .text.GetSystemTick  timer.o
    0x08005ab8   0x08005ab8   0x00000002   Code   RO         1724    .text.HardFault_Handler  stm32f10x_it.o
    0x08005aba   0x08005aba   0x00000002   PAD
    0x08005abc   0x08005abc   0x00000016   Code   RO          576    .text.I2C_CheckEvent  stm32f10x_i2c.o
    0x08005ad2   0x08005ad2   0x00000002   PAD
    0x08005ad4   0x08005ad4   0x00000012   Code   RO          528    .text.I2C_Cmd       stm32f10x_i2c.o
    0x08005ae6   0x08005ae6   0x00000002   PAD
    0x08005ae8   0x08005ae8   0x0000002a   Code   RO          522    .text.I2C_DeInit    stm32f10x_i2c.o
    0x08005b12   0x08005b12   0x00000002   PAD
    0x08005b14   0x08005b14   0x00000014   Code   RO          534    .text.I2C_GenerateSTART  stm32f10x_i2c.o
    0x08005b28   0x08005b28   0x00000014   Code   RO          536    .text.I2C_GenerateSTOP  stm32f10x_i2c.o
    0x08005b3c   0x08005b3c   0x00000034   Code   RO          580    .text.I2C_GetFlagStatus  stm32f10x_i2c.o
    0x08005b70   0x08005b70   0x000000ca   Code   RO          524    .text.I2C_Init      stm32f10x_i2c.o
    0x08005c3a   0x08005c3a   0x00000002   PAD
    0x08005c3c   0x08005c3c   0x00000010   Code   RO          552    .text.I2C_Send7bitAddress  stm32f10x_i2c.o
    0x08005c4c   0x08005c4c   0x00000004   Code   RO          548    .text.I2C_SendData  stm32f10x_i2c.o
    0x08005c50   0x08005c50   0x00000024   Code   RO         1225    .text.IWDG_Config   iwdg.o
    0x08005c74   0x08005c74   0x00000010   Code   RO          604    .text.IWDG_Enable   stm32f10x_iwdg.o
    0x08005c84   0x08005c84   0x00000004   Code   RO         1227    .text.IWDG_Feed     iwdg.o
    0x08005c88   0x08005c88   0x00000010   Code   RO          602    .text.IWDG_ReloadCounter  stm32f10x_iwdg.o
    0x08005c98   0x08005c98   0x0000000c   Code   RO          598    .text.IWDG_SetPrescaler  stm32f10x_iwdg.o
    0x08005ca4   0x08005ca4   0x0000000c   Code   RO          600    .text.IWDG_SetReload  stm32f10x_iwdg.o
    0x08005cb0   0x08005cb0   0x0000000c   Code   RO          596    .text.IWDG_WriteAccessCmd  stm32f10x_iwdg.o
    0x08005cbc   0x08005cbc   0x000000b8   Code   RO         1361    .text.JQ8900_Init   jq8900.o
    0x08005d74   0x08005d74   0x0000007c   Code   RO         1381    .text.JQ8900_PlayTrack  jq8900.o
    0x08005df0   0x08005df0   0x00000070   Code   RO         1369    .text.JQ8900_QueryPlayState  jq8900.o
    0x08005e60   0x08005e60   0x00000142   Code   RO         1367    .text.JQ8900_ReadPlayState  jq8900.o
    0x08005fa2   0x08005fa2   0x00000002   PAD
    0x08005fa4   0x08005fa4   0x000000a2   Code   RO         1363    .text.JQ8900_SendCommand  jq8900.o
    0x08006046   0x08006046   0x00000002   PAD
    0x08006048   0x08006048   0x0000007c   Code   RO         1399    .text.JQ8900_SetChannel  jq8900.o
    0x080060c4   0x080060c4   0x0000007c   Code   RO         1387    .text.JQ8900_SetVolume  jq8900.o
    0x08006140   0x08006140   0x00000070   Code   RO         1401    .text.JQ8900_Sleep  jq8900.o
    0x080061b0   0x080061b0   0x00000070   Code   RO         1385    .text.JQ8900_StopInsert  jq8900.o
    0x08006220   0x08006220   0x000000b4   Code   RO         1308    .text.Keypad_Init   keypad.o
    0x080062d4   0x080062d4   0x0000016c   Code   RO         1310    .text.Keypad_Scan10ms  keypad.o
    0x08006440   0x08006440   0x00000022   Code   RO         1238    .text.LED_AllOff    led.o
    0x08006462   0x08006462   0x00000002   PAD
    0x08006464   0x08006464   0x0000003e   Code   RO         1236    .text.LED_Init      led.o
    0x080064a2   0x080064a2   0x00000002   PAD
    0x080064a4   0x080064a4   0x00000058   Code   RO         1250    .text.LED_RedBlink  led.o
    0x080064fc   0x080064fc   0x00000022   Code   RO         1248    .text.LED_ShowFail  led.o
    0x0800651e   0x0800651e   0x00000002   PAD
    0x08006520   0x08006520   0x00000022   Code   RO         1254    .text.LED_ShowLocked  led.o
    0x08006542   0x08006542   0x00000002   PAD
    0x08006544   0x08006544   0x00000022   Code   RO         1252    .text.LED_ShowSuccess  led.o
    0x08006566   0x08006566   0x00000002   PAD
    0x08006568   0x08006568   0x00000022   Code   RO         1256    .text.LED_ShowUnlocked  led.o
    0x0800658a   0x0800658a   0x00000002   PAD
    0x0800658c   0x0800658c   0x00000002   Code   RO         1726    .text.MemManage_Handler  stm32f10x_it.o
    0x0800658e   0x0800658e   0x00000002   PAD
    0x08006590   0x08006590   0x00000004   Code   RO         1677    .text.MenuUI_DisplayOff  menu_ui.o
    0x08006594   0x08006594   0x00000004   Code   RO         1675    .text.MenuUI_DisplayOn  menu_ui.o
    0x08006598   0x08006598   0x00000004   Code   RO         1673    .text.MenuUI_Init   menu_ui.o
    0x0800659c   0x0800659c   0x000000d0   Code   RO         1699    .text.MenuUI_ShowAdminMenu  menu_ui.o
    0x0800666c   0x0800666c   0x000001e0   Code   RO         1701    .text.MenuUI_ShowAdminPrompt  menu_ui.o
    0x0800684c   0x0800684c   0x00000084   Code   RO         1691    .text.MenuUI_ShowAuthScreen  menu_ui.o
    0x080068d0   0x080068d0   0x00000090   Code   RO         1681    .text.MenuUI_ShowBootScreen  menu_ui.o
    0x08006960   0x08006960   0x000000c0   Code   RO         1707    .text.MenuUI_ShowEnrollScreen  menu_ui.o
    0x08006a20   0x08006a20   0x000000c8   Code   RO         1689    .text.MenuUI_ShowFaultBanner  menu_ui.o
    0x08006ae8   0x08006ae8   0x00000054   Code   RO         1685    .text.MenuUI_ShowIdleScreen  menu_ui.o
    0x08006b3c   0x08006b3c   0x00000062   Code   RO         1695    .text.MenuUI_ShowLines  menu_ui.o
    0x08006b9e   0x08006b9e   0x00000002   PAD
    0x08006ba0   0x08006ba0   0x00000094   Code   RO         1703    .text.MenuUI_ShowLockoutScreen  menu_ui.o
    0x08006c34   0x08006c34   0x000000e4   Code   RO         1683    .text.MenuUI_ShowSelfTestResult  menu_ui.o
    0x08006d18   0x08006d18   0x00000116   Code   RO         1697    .text.MenuUI_ShowUnlockedScreen  menu_ui.o
    0x08006e2e   0x08006e2e   0x00000002   PAD
    0x08006e30   0x08006e30   0x0000009a   Code   RO         1687    .text.MenuUI_UpdateIdleClock  menu_ui.o
    0x08006eca   0x08006eca   0x00000002   PAD
    0x08006ecc   0x08006ecc   0x00000034   Code   RO         1693    .text.MenuUI_UpdateInputDisplay  menu_ui.o
    0x08006f00   0x08006f00   0x00000088   Code   RO         1161    .text.MySPI_Init    my_spi.o
    0x08006f88   0x08006f88   0x00000080   Code   RO         1163    .text.MySPI_SwapByte  my_spi.o
    0x08007008   0x08007008   0x00000002   Code   RO         1722    .text.NMI_Handler   stm32f10x_it.o
    0x0800700a   0x0800700a   0x00000002   PAD
    0x0800700c   0x0800700c   0x0000005e   Code   RO           27    .text.NVIC_Init     misc.o
    0x0800706a   0x0800706a   0x00000002   PAD
    0x0800706c   0x0800706c   0x00000042   Code   RO         1274    .text.OLED_Clear    oled.o
    0x080070ae   0x080070ae   0x00000002   PAD
    0x080070b0   0x080070b0   0x0000005c   Code   RO         1276    .text.OLED_ClearLine  oled.o
    0x0800710c   0x0800710c   0x0000001e   Code   RO         1280    .text.OLED_DisplayOff  oled.o
    0x0800712a   0x0800712a   0x00000002   PAD
    0x0800712c   0x0800712c   0x0000001e   Code   RO         1278    .text.OLED_DisplayOn  oled.o
    0x0800714a   0x0800714a   0x00000002   PAD
    0x0800714c   0x0800714c   0x00000226   Code   RO         1296    .text.OLED_Init     oled.o
    0x08007372   0x08007372   0x00000002   PAD
    0x08007374   0x08007374   0x000000da   Code   RO         1282    .text.OLED_ShowChar  oled.o
    0x0800744e   0x0800744e   0x00000002   PAD
    0x08007450   0x08007450   0x00000240   Code   RO         1286    .text.OLED_ShowUTF8String  oled.o
    0x08007690   0x08007690   0x000000da   Code   RO         1268    .text.OLED_WriteByte  oled.o
    0x0800776a   0x0800776a   0x00000002   PAD
    0x0800776c   0x0800776c   0x0000000a   Code   RO          618    .text.PWR_BackupAccessCmd  stm32f10x_pwr.o
    0x08007776   0x08007776   0x00000002   PAD
    0x08007778   0x08007778   0x00000012   Code   RO          632    .text.PWR_ClearFlag  stm32f10x_pwr.o
    0x0800778a   0x0800778a   0x00000002   PAD
    0x0800778c   0x0800778c   0x0000003a   Code   RO          626    .text.PWR_EnterSTOPMode  stm32f10x_pwr.o
    0x080077c6   0x080077c6   0x00000002   PAD
    0x080077c8   0x080077c8   0x0000000a   Code   RO          624    .text.PWR_WakeUpPinCmd  stm32f10x_pwr.o
    0x080077d2   0x080077d2   0x00000002   PAD
    0x080077d4   0x080077d4   0x00000002   Code   RO         1736    .text.PendSV_Handler  stm32f10x_it.o
    0x080077d6   0x080077d6   0x00000002   PAD
    0x080077d8   0x080077d8   0x00000088   Code   RO         1553    .text.RC522_Anticoll  rc522.o
    0x08007860   0x08007860   0x00000072   Code   RO         1563    .text.RC522_ClearBitMask  rc522.o
    0x080078d2   0x080078d2   0x00000002   PAD
    0x080078d4   0x080078d4   0x00000036   Code   RO         1559    .text.RC522_GetVersion  rc522.o
    0x0800790a   0x0800790a   0x00000002   PAD
    0x0800790c   0x0800790c   0x0000019a   Code   RO         1557    .text.RC522_Halt    rc522.o
    0x08007aa6   0x08007aa6   0x00000002   PAD
    0x08007aa8   0x08007aa8   0x0000020a   Code   RO         1547    .text.RC522_Init    rc522.o
    0x08007cb2   0x08007cb2   0x00000002   PAD
    0x08007cb4   0x08007cb4   0x00000096   Code   RO         1549    .text.RC522_Request  rc522.o
    0x08007d4a   0x08007d4a   0x00000002   PAD
    0x08007d4c   0x08007d4c   0x00000070   Code   RO         1561    .text.RC522_SetBitMask  rc522.o
    0x08007dbc   0x08007dbc   0x00000210   Code   RO         1551    .text.RC522_ToCard  rc522.o
    0x08007fcc   0x08007fcc   0x00000018   Code   RO          688    .text.RCC_APB1PeriphClockCmd  stm32f10x_rcc.o
    0x08007fe4   0x08007fe4   0x00000018   Code   RO          692    .text.RCC_APB1PeriphResetCmd  stm32f10x_rcc.o
    0x08007ffc   0x08007ffc   0x00000018   Code   RO          686    .text.RCC_APB2PeriphClockCmd  stm32f10x_rcc.o
    0x08008014   0x08008014   0x00000018   Code   RO          690    .text.RCC_APB2PeriphResetCmd  stm32f10x_rcc.o
    0x0800802c   0x0800802c   0x0000000c   Code   RO          694    .text.RCC_BackupResetCmd  stm32f10x_rcc.o
    0x08008038   0x08008038   0x0000008c   Code   RO          682    .text.RCC_GetClocksFreq  stm32f10x_rcc.o
    0x080080c4   0x080080c4   0x00000026   Code   RO          648    .text.RCC_GetFlagStatus  stm32f10x_rcc.o
    0x080080ea   0x080080ea   0x00000002   PAD
    0x080080ec   0x080080ec   0x0000001e   Code   RO          674    .text.RCC_LSEConfig  stm32f10x_rcc.o
    0x0800810a   0x0800810a   0x00000002   PAD
    0x0800810c   0x0800810c   0x0000000c   Code   RO          676    .text.RCC_LSICmd    stm32f10x_rcc.o
    0x08008118   0x08008118   0x0000000c   Code   RO          680    .text.RCC_RTCCLKCmd  stm32f10x_rcc.o
    0x08008124   0x08008124   0x00000010   Code   RO          678    .text.RCC_RTCCLKConfig  stm32f10x_rcc.o
    0x08008134   0x08008134   0x00000004   Code   RO         1742    .text.RTCAlarm_IRQHandler  stm32f10x_it.o
    0x08008138   0x08008138   0x00000012   Code   RO          738    .text.RTC_ClearFlag  stm32f10x_rtc.o
    0x0800814a   0x0800814a   0x00000002   PAD
    0x0800814c   0x0800814c   0x00000012   Code   RO          742    .text.RTC_ClearITPendingBit  stm32f10x_rtc.o
    0x0800815e   0x0800815e   0x00000002   PAD
    0x08008160   0x08008160   0x00000012   Code   RO          722    .text.RTC_GetCounter  stm32f10x_rtc.o
    0x08008172   0x08008172   0x00000002   PAD
    0x08008174   0x08008174   0x00000012   Code   RO          736    .text.RTC_GetFlagStatus  stm32f10x_rtc.o
    0x08008186   0x08008186   0x00000002   PAD
    0x08008188   0x08008188   0x00000022   Code   RO          740    .text.RTC_GetITStatus  stm32f10x_rtc.o
    0x080081aa   0x080081aa   0x00000002   PAD
    0x080081ac   0x080081ac   0x00000004   Code   RO         1740    .text.RTC_IRQHandler  stm32f10x_it.o
    0x080081b0   0x080081b0   0x00000018   Code   RO          716    .text.RTC_ITConfig  stm32f10x_rtc.o
    0x080081c8   0x080081c8   0x00000020   Code   RO          728    .text.RTC_SetAlarm  stm32f10x_rtc.o
    0x080081e8   0x080081e8   0x00000020   Code   RO          724    .text.RTC_SetCounter  stm32f10x_rtc.o
    0x08008208   0x08008208   0x00000022   Code   RO          726    .text.RTC_SetPrescaler  stm32f10x_rtc.o
    0x0800822a   0x0800822a   0x00000002   PAD
    0x0800822c   0x0800822c   0x00000014   Code   RO          830    .text.SPI_Cmd       stm32f10x_spi.o
    0x08008240   0x08008240   0x00000068   Code   RO          820    .text.SPI_I2S_DeInit  stm32f10x_spi.o
    0x080082a8   0x080082a8   0x0000000a   Code   RO          858    .text.SPI_I2S_GetFlagStatus  stm32f10x_spi.o
    0x080082b2   0x080082b2   0x00000002   PAD
    0x080082b4   0x080082b4   0x00000004   Code   RO          840    .text.SPI_I2S_ReceiveData  stm32f10x_spi.o
    0x080082b8   0x080082b8   0x00000004   Code   RO          838    .text.SPI_I2S_SendData  stm32f10x_spi.o
    0x080082bc   0x080082bc   0x00000046   Code   RO          822    .text.SPI_Init      stm32f10x_spi.o
    0x08008302   0x08008302   0x00000002   PAD
    0x08008304   0x08008304   0x00000018   Code   RO          842    .text.SPI_NSSInternalSoftwareConfig  stm32f10x_spi.o
    0x0800831c   0x0800831c   0x00000002   Code   RO         1732    .text.SVC_Handler   stm32f10x_it.o
    0x0800831e   0x0800831e   0x00000002   PAD
    0x08008320   0x08008320   0x000000e2   Code   RO         1327    .text.Servo_Init    servo.o
    0x08008402   0x08008402   0x00000002   PAD
    0x08008404   0x08008404   0x0000000c   Code   RO         1329    .text.Servo_Lock    servo.o
    0x08008410   0x08008410   0x0000000c   Code   RO         1335    .text.Servo_Unlock  servo.o
    0x0800841c   0x0800841c   0x00000018   Code   RO           33    .text.SysTick_CLKSourceConfig  misc.o
    0x08008434   0x08008434   0x00000002   Code   RO         1738    .text.SysTick_Handler  stm32f10x_it.o
    0x08008436   0x08008436   0x00000002   PAD
    0x08008438   0x08008438   0x0000005e   Code   RO           13    .text.SystemCoreClockUpdate  system_stm32f10x.o
    0x08008496   0x08008496   0x00000002   PAD
    0x08008498   0x08008498   0x0000010c   Code   RO           11    .text.SystemInit    system_stm32f10x.o
    0x080085a4   0x080085a4   0x00000036   Code   RO         1177    .text.TIM3_IRQHandler  timer.o
    0x080085da   0x080085da   0x00000002   PAD
    0x080085dc   0x080085dc   0x00000014   Code   RO          948    .text.TIM_ARRPreloadConfig  stm32f10x_tim.o
    0x080085f0   0x080085f0   0x00000020   Code   RO          994    .text.TIM_CCxCmd    stm32f10x_tim.o
    0x08008610   0x08008610   0x00000006   Code   RO         1042    .text.TIM_ClearFlag  stm32f10x_tim.o
    0x08008616   0x08008616   0x00000002   PAD
    0x08008618   0x08008618   0x00000006   Code   RO         1046    .text.TIM_ClearITPendingBit  stm32f10x_tim.o
    0x0800861e   0x0800861e   0x00000002   PAD
    0x08008620   0x08008620   0x00000012   Code   RO          908    .text.TIM_Cmd       stm32f10x_tim.o
    0x08008632   0x08008632   0x00000002   PAD
    0x08008634   0x08008634   0x00000230   Code   RO          874    .text.TIM_DeInit    stm32f10x_tim.o
    0x08008864   0x08008864   0x00000004   Code   RO          914    .text.TIM_GenerateEvent  stm32f10x_tim.o
    0x08008868   0x08008868   0x00000018   Code   RO         1044    .text.TIM_GetITStatus  stm32f10x_tim.o
    0x08008880   0x08008880   0x00000010   Code   RO          912    .text.TIM_ITConfig  stm32f10x_tim.o
    0x08008890   0x08008890   0x00000070   Code   RO          878    .text.TIM_OC1Init   stm32f10x_tim.o
    0x08008900   0x08008900   0x0000000c   Code   RO          956    .text.TIM_OC1PreloadConfig  stm32f10x_tim.o
    0x0800890c   0x0800890c   0x00000074   Code   RO          882    .text.TIM_OC3Init   stm32f10x_tim.o
    0x08008980   0x08008980   0x0000000c   Code   RO          960    .text.TIM_OC3PreloadConfig  stm32f10x_tim.o
    0x0800898c   0x0800898c   0x0000000c   Code   RO          902    .text.TIM_OCStructInit  stm32f10x_tim.o
    0x08008998   0x08008998   0x00000004   Code   RO         1016    .text.TIM_SetAutoreload  stm32f10x_tim.o
    0x0800899c   0x0800899c   0x00000004   Code   RO         1018    .text.TIM_SetCompare1  stm32f10x_tim.o
    0x080089a0   0x080089a0   0x00000004   Code   RO         1022    .text.TIM_SetCompare3  stm32f10x_tim.o
    0x080089a4   0x080089a4   0x00000004   Code   RO         1014    .text.TIM_SetCounter  stm32f10x_tim.o
    0x080089a8   0x080089a8   0x000000aa   Code   RO          876    .text.TIM_TimeBaseInit  stm32f10x_tim.o
    0x08008a52   0x08008a52   0x00000002   PAD
    0x08008a54   0x08008a54   0x00000098   Code   RO         1173    .text.Timer_Init    timer.o
    0x08008aec   0x08008aec   0x00000028   Code   RO         1175    .text.Timer_Stop    timer.o
    0x08008b14   0x08008b14   0x0000007e   Code   RO         1456    .text.USART1_IRQHandler  as608.o
    0x08008b92   0x08008b92   0x00000002   PAD
    0x08008b94   0x08008b94   0x00000092   Code   RO         1493    .text.USART2_IRQHandler  bluetooth.o
    0x08008c26   0x08008c26   0x00000002   PAD
    0x08008c28   0x08008c28   0x0000004c   Code   RO         1403    .text.USART3_IRQHandler  jq8900.o
    0x08008c74   0x08008c74   0x00000014   Code   RO         1066    .text.USART_Cmd     stm32f10x_usart.o
    0x08008c88   0x08008c88   0x000000ae   Code   RO         1056    .text.USART_DeInit  stm32f10x_usart.o
    0x08008d36   0x08008d36   0x00000002   PAD
    0x08008d38   0x08008d38   0x0000000a   Code   RO         1106    .text.USART_GetFlagStatus  stm32f10x_usart.o
    0x08008d42   0x08008d42   0x00000002   PAD
    0x08008d44   0x08008d44   0x00000032   Code   RO         1110    .text.USART_GetITStatus  stm32f10x_usart.o
    0x08008d76   0x08008d76   0x00000002   PAD
    0x08008d78   0x08008d78   0x0000002e   Code   RO         1068    .text.USART_ITConfig  stm32f10x_usart.o
    0x08008da6   0x08008da6   0x00000002   PAD
    0x08008da8   0x08008da8   0x000000b6   Code   RO         1058    .text.USART_Init    stm32f10x_usart.o
    0x08008e5e   0x08008e5e   0x00000002   PAD
    0x08008e60   0x08008e60   0x00000008   Code   RO         1084    .text.USART_ReceiveData  stm32f10x_usart.o
    0x08008e68   0x08008e68   0x00000008   Code   RO         1082    .text.USART_SendData  stm32f10x_usart.o
    0x08008e70   0x08008e70   0x00000002   Code   RO         1730    .text.UsageFault_Handler  stm32f10x_it.o
    0x08008e72   0x08008e72   0x00000002   PAD
    0x08008e74   0x08008e74   0x000000d6   Code   RO         1533    .text.W25Q64_EraseSector  w25q64.o
    0x08008f4a   0x08008f4a   0x00000002   PAD
    0x08008f4c   0x08008f4c   0x00000042   Code   RO         1519    .text.W25Q64_Init   w25q64.o
    0x08008f8e   0x08008f8e   0x00000002   PAD
    0x08008f90   0x08008f90   0x000000d0   Code   RO         1531    .text.W25Q64_ReadBytes  w25q64.o
    0x08009060   0x08009060   0x000000b8   Code   RO         1529    .text.W25Q64_ReadID  w25q64.o
    0x08009118   0x08009118   0x00000182   Code   RO         1537    .text.W25Q64_WriteBytes  w25q64.o
    0x0800929a   0x0800929a   0x00000002   PAD
    0x0800929c   0x0800929c   0x00000070   Code   RO         1525    .text.W25Q64_WriteEnable  w25q64.o
    0x0800930c   0x0800930c   0x00000034   Code   RO         1146    .text.delay_init    delay.o
    0x08009340   0x08009340   0x00000060   Code   RO         1150    .text.delay_ms      delay.o
    0x080093a0   0x080093a0   0x00000014   Code   RO         1573    .text.main          main.o
    0x080093b4   0x080093b4   0x0000000e   Code   RO         1795    i._is_digit         c_w.l(__printf_wp.o)
    0x080093c2   0x080093c2   0x00000028   Data   RO         1768    .constdata          c_w.l(_printf_hex_int.o)
    0x080093ea   0x080093ea   0x00000011   Data   RO         1803    .constdata          c_w.l(__printf_flags_ss_wp.o)
    0x080093fb   0x080093fb   0x00000004   Data   RO          707    .rodata.ADCPrescTable  stm32f10x_rcc.o
    0x080093ff   0x080093ff   0x00000010   Data   RO           16    .rodata.AHBPrescTable  system_stm32f10x.o
    0x0800940f   0x0800940f   0x00000010   Data   RO          706    .rodata.APBAHBPrescTable  stm32f10x_rcc.o
    0x0800941f   0x0800941f   0x0000000c   Data   RO         1216    .rodata.AppRTC_DaysInMonth.Days  rtc.o
    0x0800942b   0x0800942b   0x00000001   PAD
    0x0800942c   0x0800942c   0x00001452   Data   RO         1299    .rodata.OLED_CN_GlyphTable  oled.o
    0x0800a87e   0x0800a87e   0x000005f0   Data   RO         1298    .rodata.OLED_F8x16  oled.o
    0x0800ae6e   0x0800ae6e   0x00000002   PAD
    0x0800ae70   0x0800ae70   0x00000010   Data   RO         1317    .rodata.cst16       keypad.o
    0x0800ae80   0x0800ae80   0x00000008   Data   RO         1318    .rodata.cst8        keypad.o
    0x0800ae88   0x0800ae88   0x00000132   Data   RO         1645    .rodata.str1.1      access_core.o
    0x0800afba   0x0800afba   0x000000ec   Data   RO         1713    .rodata.str1.1      menu_ui.o
    0x0800b0a6   0x0800b0a6   0x00000002   PAD
    0x0800b0a8   0x0800b0a8   0x00000052   Data   RO         1664    .rodata.str1.4      access_core.o
    0x0800b0fa   0x0800b0fa   0x00000002   PAD
    0x0800b0fc   0x0800b0fc   0x00000020   Data   RO         2000    Region$$Table       anon$$obj.o


    Execution Region RW_IRAM1 (Exec base: 0x20000000, Load base: 0x0800b120, Size: 0x00000bd0, Max: 0x00005000, ABSOLUTE)

    Exec Addr    Load Addr    Size         Type   Attr      Idx    E Section Name        Object

    0x20000000   0x0800b120   0x00000004   Data   RW         1460    .data.AS608_DeviceAddress  as608.o
    0x20000004   0x0800b124   0x00000004   Data   RW           15    .data.SystemCoreClock  system_stm32f10x.o
    0x20000008   0x0800b128   0x00000002   Data   RW         1630    .data.s_log_sector  access_core.o
    0x2000000a   0x0800b12a   0x00000006   PAD
    0x20000010        -       0x00000060   Zero   RW         1865    .bss                c_w.l(libspace.o)
    0x20000070        -       0x00000080   Zero   RW         1464    .bss.AS608_RxBuffer  as608.o
    0x200000f0        -       0x00000001   Zero   RW         1462    .bss.AS608_RxHead   as608.o
    0x200000f1        -       0x00000001   Zero   RW         1461    .bss.AS608_RxOverrun  as608.o
    0x200000f2        -       0x00000001   Zero   RW         1463    .bss.AS608_RxTail   as608.o
    0x200000f3   0x0800b12a   0x00000001   PAD
    0x200000f4        -       0x0000008e   Zero   RW         1498    .bss.Bluetooth_FrameBody  bluetooth.o
    0x20000182        -       0x00000001   Zero   RW         1508    .bss.Bluetooth_FrameBodyIndex  bluetooth.o
    0x20000183        -       0x00000001   Zero   RW         1507    .bss.Bluetooth_FrameBodyLen  bluetooth.o
    0x20000184        -       0x00000001   Zero   RW         1509    .bss.Bluetooth_FrameChecksum  bluetooth.o
    0x20000185        -       0x00000001   Zero   RW         1501    .bss.Bluetooth_FrameHead  bluetooth.o
    0x20000186   0x0800b12a   0x00000002   PAD
    0x20000188        -       0x0000023c   Zero   RW         1497    .bss.Bluetooth_FrameQueue  bluetooth.o
    0x200003c4        -       0x00000001   Zero   RW         1502    .bss.Bluetooth_FrameTail  bluetooth.o
    0x200003c5   0x0800b12a   0x00000003   PAD
    0x200003c8        -       0x00000004   Zero   RW         1505    .bss.Bluetooth_LastRxTime  bluetooth.o
    0x200003cc        -       0x00000001   Zero   RW         1506    .bss.Bluetooth_ParseState  bluetooth.o
    0x200003cd        -       0x00000001   Zero   RW         1495    .bss.Bluetooth_RxActivityFlag  bluetooth.o
    0x200003ce        -       0x00000080   Zero   RW         1510    .bss.Bluetooth_RxBuffer  bluetooth.o
    0x2000044e        -       0x00000001   Zero   RW         1499    .bss.Bluetooth_RxHead  bluetooth.o
    0x2000044f        -       0x00000001   Zero   RW         1504    .bss.Bluetooth_RxOverrunFlag  bluetooth.o
    0x20000450        -       0x00000001   Zero   RW         1500    .bss.Bluetooth_RxTail  bluetooth.o
    0x20000451        -       0x00000001   Zero   RW         1503    .bss.Bluetooth_Seq  bluetooth.o
    0x20000452   0x0800b12a   0x00000002   PAD
    0x20000454        -       0x00000001   Zero   RW         1496    .bss.Bluetooth_TimeoutMs  bluetooth.o
    0x20000455        -       0x00000040   Zero   RW         1407    .bss.JQ8900_RxBuffer  jq8900.o
    0x20000495        -       0x00000001   Zero   RW         1405    .bss.JQ8900_RxHead  jq8900.o
    0x20000496        -       0x00000001   Zero   RW         1406    .bss.JQ8900_RxTail  jq8900.o
    0x20000497        -       0x00000001   Zero   RW         1313    .bss.Keypad_KeyFlag  keypad.o
    0x20000498        -       0x00000001   Zero   RW         1312    .bss.Keypad_KeyValue  keypad.o
    0x20000499        -       0x00000001   Zero   RW         1316    .bss.Keypad_Scan10ms.KeyLatched  keypad.o
    0x2000049a        -       0x00000001   Zero   RW         1314    .bss.Keypad_Scan10ms.LastRawKey  keypad.o
    0x2000049b        -       0x00000001   Zero   RW         1315    .bss.Keypad_Scan10ms.StableCount  keypad.o
    0x2000049c        -       0x00000004   Zero   RW         1181    .bss.SystemTicks    timer.o
    0x200004a0        -       0x00000001   Zero   RW         1152    .bss.fac_us         delay.o
    0x200004a1        -       0x00000001   Zero   RW         1641    .bss.s_admin_action  access_core.o
    0x200004a2        -       0x00000001   Zero   RW         1648    .bss.s_admin_menu_page  access_core.o
    0x200004a3        -       0x00000001   Zero   RW         1215    .bss.s_alarm_triggered  rtc.o
    0x200004a4        -       0x00000001   Zero   RW         1642    .bss.s_auth_source  access_core.o
    0x200004a5        -       0x00000001   Zero   RW         1660    .bss.s_boot_prompt_played  access_core.o
    0x200004a6   0x0800b12a   0x00000002   PAD
    0x200004a8        -       0x000000bc   Zero   RW         1632    .bss.s_config       access_core.o
    0x20000564        -       0x00000004   Zero   RW         1653    .bss.s_enroll_deadline  access_core.o
    0x20000568        -       0x00000004   Zero   RW         1654    .bss.s_enroll_release_deadline  access_core.o
    0x2000056c        -       0x00000001   Zero   RW         1649    .bss.s_enroll_stage  access_core.o
    0x2000056d   0x0800b12a   0x00000001   PAD
    0x2000056e        -       0x00000002   Zero   RW         1650    .bss.s_enroll_target_page  access_core.o
    0x20000570        -       0x00000001   Zero   RW         1661    .bss.s_failure_count  access_core.o
    0x20000571        -       0x00000001   Zero   RW         1646    .bss.s_fault_mask   access_core.o
    0x20000572        -       0x00000001   Zero   RW         1628    .bss.s_flash_available  access_core.o
    0x20000573        -       0x00000001   Zero   RW         1657    .bss.s_fp_available  access_core.o
    0x20000574        -       0x00000002   Zero   RW         1662    .bss.s_fp_capacity  access_core.o
    0x20000576   0x0800b12a   0x00000002   PAD
    0x20000578        -       0x00000010   Zero   RW         1659    .bss.s_fp_syspara   access_core.o
    0x20000588        -       0x0000000b   Zero   RW         1655    .bss.s_input_buffer  access_core.o
    0x20000593        -       0x00000001   Zero   RW         1656    .bss.s_input_length  access_core.o
    0x20000594        -       0x00000004   Zero   RW         1652    .bss.s_last_activity  access_core.o
    0x20000598        -       0x00000004   Zero   RW         1643    .bss.s_last_card_scan  access_core.o
    0x2000059c        -       0x00000004   Zero   RW         1644    .bss.s_last_fp_scan  access_core.o
    0x200005a0        -       0x00000004   Zero   RW         1638    .bss.s_last_refresh  access_core.o
    0x200005a4        -       0x00000001   Zero   RW         1629    .bss.s_log_available  access_core.o
    0x200005a5   0x0800b12a   0x00000001   PAD
    0x200005a6        -       0x00000002   Zero   RW         1631    .bss.s_log_entry    access_core.o
    0x200005a8        -       0x00000001   Zero   RW         1636    .bss.s_log_sector_needs_erase  access_core.o
    0x200005a9   0x0800b12a   0x00000003   PAD
    0x200005ac        -       0x00000004   Zero   RW         1635    .bss.s_log_sequence  access_core.o
    0x200005b0        -       0x00000004   Zero   RW         1640    .bss.s_lowpower_wake_deadline  access_core.o
    0x200005b4        -       0x00000001   Zero   RW         1639    .bss.s_lowpower_window_active  access_core.o
    0x200005b5        -       0x00000001   Zero   RW         1663    .bss.s_password_failure_count  access_core.o
    0x200005b6        -       0x00000001   Zero   RW         1214    .bss.s_ready        rtc.o
    0x200005b7        -       0x00000001   Zero   RW         1658    .bss.s_rfid_available  access_core.o
    0x200005b8        -       0x00000001   Zero   RW         1637    .bss.s_state        access_core.o
    0x200005b9   0x0800b12a   0x00000003   PAD
    0x200005bc        -       0x00000004   Zero   RW         1647    .bss.s_state_deadline  access_core.o
    0x200005c0        -       0x00000001   Zero   RW         1633    .bss.s_storage_active_sector  access_core.o
    0x200005c1   0x0800b12a   0x00000003   PAD
    0x200005c4        -       0x00000004   Zero   RW         1634    .bss.s_storage_sequence  access_core.o
    0x200005c8        -       0x00000001   Zero   RW         1651    .bss.s_voice_awake  access_core.o
    0x200005c9   0x0800b12a   0x00000007   PAD
    0x200005d0        -       0x00000200   Zero   RW            2    HEAP                startup_stm32f10x_md.o
    0x200007d0        -       0x00000400   Zero   RW            1    STACK               startup_stm32f10x_md.o


==============================================================================

Image component sizes


      Code (inc. data)   RO Data    RW Data    ZI Data      Debug   Object Name

     13190        294        388          2        279      43651   access_core.o
      2096          0          0          4        131      17718   as608.o
      1768          6          0          0        858      10466   bluetooth.o
       556          0          0          0          0       5064   buzzer.o
       148          0          0          0          1       1717   delay.o
        40          0          0          0          0        764   iwdg.o
      1452          0          0          0         66      16827   jq8900.o
       544         40         24          0          5       3056   keypad.o
       320          0          0          0          0       3836   led.o
        20          0          0          0          0        500   main.o
      2410        684        236          0          0      10842   menu_ui.o
       118          0          0          0          0       3167   misc.o
       264          0          0          0          0       3057   my_spi.o
      1780          0       6722          0          0      14277   oled.o
      2026          0          0          0          0       8809   rc522.o
      2910         24         12          0          2      13189   rtc.o
       250          0          0          0          0       4911   servo.o
        64         26        236          0       1536        836   startup_stm32f10x_md.o
        78          0          0          0          0       4640   stm32f10x_bkp.o
       146          0          0          0          0       2747   stm32f10x_exti.o
       334          0          0          0          0       5846   stm32f10x_gpio.o
       396          0          0          0          0       9280   stm32f10x_i2c.o
        26          0          0          0          0       1337   stm32f10x_it.o
        68          0          0          0          0       1610   stm32f10x_iwdg.o
        96          0          0          0          0       3068   stm32f10x_pwr.o
       356          0         20          0          0       8228   stm32f10x_rcc.o
       228          0          0          0          0       3671   stm32f10x_rtc.o
       236          0          0          0          0       7453   stm32f10x_spi.o
      1136          0          0          0          0      29710   stm32f10x_tim.o
       498          0          0          0          0       8607   stm32f10x_usart.o
       362          0         16          4          0       2571   system_stm32f10x.o
       258          0          0          0          4       4544   timer.o
      1170          0          0          0          0       8135   w25q64.o

    ----------------------------------------------------------------------
     35532       1074       7693         12       2916     264134   Object Totals
         0          0         32          0          0          0   (incl. Generated)
       188          0          7          2         34          0   (incl. Padding)

    ----------------------------------------------------------------------

      Code (inc. data)   RO Data    RW Data    ZI Data      Debug   Library Member Name

         8          0          0          0          0         68   __main.o
       392          4         17          0          0         92   __printf_flags_ss_wp.o
        14          0          0          0          0         68   __printf_wp.o
         0          0          0          0          0          0   __rtentry.o
        12          0          0          0          0          0   __rtentry2.o
         6          0          0          0          0          0   __rtentry4.o
        94          8          0          0          0          0   __scatter.o
        26          0          0          0          0          0   __scatter_copy.o
        28          0          0          0          0          0   __scatter_zi.o
        44          0          0          0          0        108   _printf_char.o
        48          6          0          0          0         96   _printf_char_common.o
       120         16          0          0          0         92   _printf_dec.o
        88          4         40          0          0         88   _printf_hex_int.o
       178          0          0          0          0         88   _printf_intcommon.o
        78          0          0          0          0        108   _printf_pad.o
         0          0          0          0          0          0   _printf_percent.o
         4          0          0          0          0          0   _printf_percent_end.o
         6          0          0          0          0          0   _printf_s.o
        82          0          0          0          0         80   _printf_str.o
         6          0          0          0          0          0   _printf_u.o
         6          0          0          0          0          0   _printf_x.o
        10          0          0          0          0         68   _sputc.o
        18          0          0          0          0         80   exit.o
         6          0          0          0          0        152   heapauxi.o
         0          0          0          0          0          0   indicate_semi.o
         2          0          0          0          0          0   libinit.o
         2          0          0          0          0          0   libinit2.o
         2          0          0          0          0          0   libshutdown.o
         2          0          0          0          0          0   libshutdown2.o
         8          4          0          0         96         68   libspace.o
        88          0          0          0          0         76   memcmp.o
        40          6          0          0          0         84   noretval__2sprintf.o
        68          0          0          0          0         68   rt_memclr.o
        78          0          0          0          0         80   rt_memclr_w.o
       138          0          0          0          0         68   rt_memcpy_v6.o
       100          0          0          0          0         80   rt_memcpy_w.o
         2          0          0          0          0          0   rtexit.o
        10          0          0          0          0          0   rtexit2.o
        62          0          0          0          0         76   strlen.o
        86          0          0          0          0         76   strncpy.o
        12          4          0          0          0         68   sys_exit.o
        74          0          0          0          0         80   sys_stackheap_outer.o
         2          0          0          0          0         68   use_no_semi.o

    ----------------------------------------------------------------------
      2058         52         57          0         96       2080   Library Totals
         8          0          0          0          0          0   (incl. Padding)

    ----------------------------------------------------------------------

      Code (inc. data)   RO Data    RW Data    ZI Data      Debug   Library Name

      2050         52         57          0         96       2080   c_w.l

    ----------------------------------------------------------------------
      2058         52         57          0         96       2080   Library Totals

    ----------------------------------------------------------------------

==============================================================================


      Code (inc. data)   RO Data    RW Data    ZI Data      Debug   

     37590       1126       7750         12       3012     264618   Grand Totals
     37590       1126       7750         12       3012     264618   ELF Image Totals
     37590       1126       7750         12          0          0   ROM Totals

==============================================================================

    Total RO  Size (Code + RO Data)                45340 (  44.28kB)
    Total RW  Size (RW Data + ZI Data)              3024 (   2.95kB)
    Total ROM Size (Code + RO Data + RW Data)      45352 (  44.29kB)

==============================================================================

